#
# There is insufficient memory for the Java Runtime Environment to continue.
# Native memory allocation (mmap) failed to map 65536 bytes for Failed to commit metaspace.
# Possible reasons:
#   The system is out of physical RAM or swap space
#   The process is running with CompressedOops enabled, and the Java Heap may be blocking the growth of the native heap
# Possible solutions:
#   Reduce memory load on the system
#   Increase physical memory or swap space
#   Check if swap backing store is full
#   Decrease Java heap size (-Xmx/-Xms)
#   Decrease number of Java threads
#   Decrease Java thread stack sizes (-Xss)
#   Set larger code cache with -XX:ReservedCodeCacheSize=
#   JVM is running with Unscaled Compressed Oops mode in which the Java heap is
#     placed in the first 4GB address space. The Java Heap base address is the
#     maximum limit for the native heap growth. Please use -XX:HeapBaseMinAddress
#     to set the Java Heap base and to place the Java Heap above 4GB virtual address.
# This output file may be truncated or incomplete.
#
#  Out of Memory Error (virtualSpaceNode.cpp:110), pid=13340, tid=16504
#
# JRE version: Java(TM) SE Runtime Environment (17.0.12+8) (build 17.0.12+8-LTS-286)
# Java VM: Java HotSpot(TM) 64-Bit Server VM (17.0.12+8-LTS-286, mixed mode, sharing, tiered, compressed oops, compressed class ptrs, g1 gc, windows-amd64)
# No core dump will be written. Minidumps are not enabled by default on client versions of Windows
#

---------------  S U M M A R Y ------------

Command Line: -Xmx64m -Xms64m -Dorg.gradle.appname=gradlew org.gradle.wrapper.GradleWrapperMain app:installDebug -PreactNativeDevServerPort=8081

Host: 11th Gen Intel(R) Core(TM) i5-11300H @ 3.10GHz, 8 cores, 7G,  Windows 11 , 64 bit Build 26100 (10.0.26100.3323)
Time: Thu Mar 13 19:03:12 2025 India Standard Time elapsed time: 7.747251 seconds (0d 0h 0m 7s)

---------------  T H R E A D  ---------------

Current thread (0x0000019e3090bbb0):  JavaThread "main" [_thread_in_vm, id=16504, stack(0x0000003ce4200000,0x0000003ce4300000)]

Stack: [0x0000003ce4200000,0x0000003ce4300000]
Native frames: (J=compiled Java code, j=interpreted, Vv=VM code, C=native code)
V  [jvm.dll+0x67a04a]
V  [jvm.dll+0x7da4ed]
V  [jvm.dll+0x7dbe33]
V  [jvm.dll+0x7dc4a3]
V  [jvm.dll+0x24508f]
V  [jvm.dll+0x7d60bb]
V  [jvm.dll+0x6206c6]
V  [jvm.dll+0x62072a]
V  [jvm.dll+0x622f4d]
V  [jvm.dll+0x621086]
V  [jvm.dll+0x23936f]
V  [jvm.dll+0x62af35]
V  [jvm.dll+0x1e84b2]
V  [jvm.dll+0x1e89d5]
V  [jvm.dll+0x1e931b]
V  [jvm.dll+0x1dea41]
V  [jvm.dll+0x53f78c]
V  [jvm.dll+0x1ef3ca]
V  [jvm.dll+0x7547ad]
V  [jvm.dll+0x755bc6]
V  [jvm.dll+0x755ef8]
V  [jvm.dll+0x23d13b]
V  [jvm.dll+0x37d08e]
C  0x0000019e4100b706

Java frames: (J=compiled Java code, j=interpreted, Vv=VM code)
j  java.io.ObjectInputStream.<init>(Ljava/io/InputStream;)V+19 java.base@17.0.12
j  org.gradle.internal.serialize.ClassLoaderObjectInputStream.<init>(Ljava/io/InputStream;Ljava/lang/ClassLoader;)V+2
j  org.gradle.internal.serialize.ExceptionReplacingObjectInputStream.<init>(Ljava/io/InputStream;Ljava/lang/ClassLoader;)V+3
j  org.gradle.internal.serialize.Message.receive(Ljava/io/InputStream;Ljava/lang/ClassLoader;)Ljava/lang/Object;+6
j  org.gradle.internal.serialize.BaseSerializerFactory$ThrowableSerializer.read(Lorg/gradle/internal/serialize/Decoder;)Ljava/lang/Throwable;+13
j  org.gradle.internal.serialize.BaseSerializerFactory$ThrowableSerializer.read(Lorg/gradle/internal/serialize/Decoder;)Ljava/lang/Object;+2
j  org.gradle.internal.logging.serializer.LogEventSerializer.read(Lorg/gradle/internal/serialize/Decoder;)Lorg/gradle/internal/logging/events/LogEvent;+43
j  org.gradle.internal.logging.serializer.LogEventSerializer.read(Lorg/gradle/internal/serialize/Decoder;)Ljava/lang/Object;+2
J 1353 c1 org.gradle.internal.serialize.DefaultSerializerRegistry$TaggedTypeSerializer.read(Lorg/gradle/internal/serialize/Decoder;)Ljava/lang/Object; (69 bytes) @ 0x0000019e39d38854 [0x0000019e39d37ec0+0x0000000000000994]
J 1396 c1 org.gradle.launcher.daemon.protocol.DaemonMessageSerializer$OutputMessageSerializer.read(Lorg/gradle/internal/serialize/Decoder;)Ljava/lang/Object; (6 bytes) @ 0x0000019e39d5388c [0x0000019e39d536e0+0x00000000000001ac]
J 1353 c1 org.gradle.internal.serialize.DefaultSerializerRegistry$TaggedTypeSerializer.read(Lorg/gradle/internal/serialize/Decoder;)Ljava/lang/Object; (69 bytes) @ 0x0000019e39d38854 [0x0000019e39d37ec0+0x0000000000000994]
J 1463 c1 org.gradle.internal.remote.internal.inet.SocketConnection.receive()Ljava/lang/Object; (142 bytes) @ 0x0000019e39d7286c [0x0000019e39d726c0+0x00000000000001ac]
J 1462 c1 org.gradle.launcher.daemon.client.DaemonClientConnection.receive()Lorg/gradle/launcher/daemon/protocol/Message; (81 bytes) @ 0x0000019e39d70e5c [0x0000019e39d70da0+0x00000000000000bc]
j  org.gradle.launcher.daemon.client.DaemonClient.monitorBuild(Lorg/gradle/launcher/daemon/protocol/Build;Lorg/gradle/launcher/daemon/diagnostics/DaemonDiagnostics;Lorg/gradle/launcher/daemon/client/DaemonClientConnection;Lorg/gradle/initialization/BuildCancellationToken;Lorg/gradle/initialization/BuildEventConsumer;)Ljava/lang/Object;+39
j  org.gradle.launcher.daemon.client.DaemonClient.executeBuild(Lorg/gradle/launcher/daemon/protocol/Build;Lorg/gradle/launcher/daemon/client/DaemonClientConnection;Lorg/gradle/initialization/BuildCancellationToken;Lorg/gradle/initialization/BuildEventConsumer;)Lorg/gradle/launcher/exec/BuildActionResult;+128
j  org.gradle.launcher.daemon.client.DaemonClient.execute(Lorg/gradle/internal/invocation/BuildAction;Lorg/gradle/launcher/exec/BuildActionParameters;Lorg/gradle/internal/daemon/client/execution/ClientBuildRequestContext;)Lorg/gradle/launcher/exec/BuildActionResult;+129
j  org.gradle.launcher.daemon.client.DaemonClient.execute(Lorg/gradle/internal/invocation/BuildAction;Ljava/lang/Object;Ljava/lang/Object;)Lorg/gradle/launcher/exec/BuildActionResult;+10
j  org.gradle.launcher.cli.RunBuildAction.run()V+67
j  org.gradle.internal.Actions$RunnableActionAdapter.execute(Ljava/lang/Object;)V+4
j  org.gradle.launcher.cli.DefaultCommandLineActionFactory$ParseAndBuildAction.execute(Lorg/gradle/launcher/bootstrap/ExecutionListener;)V+129
j  org.gradle.launcher.cli.DefaultCommandLineActionFactory$ParseAndBuildAction.execute(Ljava/lang/Object;)V+5
j  org.gradle.launcher.cli.DebugLoggerWarningAction.execute(Lorg/gradle/launcher/bootstrap/ExecutionListener;)V+9
j  org.gradle.launcher.cli.DebugLoggerWarningAction.execute(Ljava/lang/Object;)V+5
j  org.gradle.launcher.cli.WelcomeMessageAction.execute(Lorg/gradle/launcher/bootstrap/ExecutionListener;)V+218
j  org.gradle.launcher.cli.WelcomeMessageAction.execute(Ljava/lang/Object;)V+5
j  org.gradle.launcher.cli.NativeServicesInitializingAction.execute(Lorg/gradle/launcher/bootstrap/ExecutionListener;)V+38
j  org.gradle.launcher.cli.NativeServicesInitializingAction.execute(Ljava/lang/Object;)V+5
j  org.gradle.launcher.cli.ExceptionReportingAction.execute(Lorg/gradle/launcher/bootstrap/ExecutionListener;)V+5
j  org.gradle.launcher.cli.ExceptionReportingAction.execute(Ljava/lang/Object;)V+5
j  org.gradle.launcher.cli.DefaultCommandLineActionFactory$WithLogging.execute(Lorg/gradle/launcher/bootstrap/ExecutionListener;)V+309
j  org.gradle.launcher.Main.doAction([Ljava/lang/String;Lorg/gradle/launcher/bootstrap/ExecutionListener;)V+14
j  org.gradle.launcher.bootstrap.EntryPoint.run([Ljava/lang/String;)V+12
v  ~StubRoutines::call_stub
j  jdk.internal.reflect.NativeMethodAccessorImpl.invoke0(Ljava/lang/reflect/Method;Ljava/lang/Object;[Ljava/lang/Object;)Ljava/lang/Object;+0 java.base@17.0.12
j  jdk.internal.reflect.NativeMethodAccessorImpl.invoke(Ljava/lang/Object;[Ljava/lang/Object;)Ljava/lang/Object;+133 java.base@17.0.12
j  jdk.internal.reflect.DelegatingMethodAccessorImpl.invoke(Ljava/lang/Object;[Ljava/lang/Object;)Ljava/lang/Object;+6 java.base@17.0.12
j  java.lang.reflect.Method.invoke(Ljava/lang/Object;[Ljava/lang/Object;)Ljava/lang/Object;+59 java.base@17.0.12
j  org.gradle.launcher.bootstrap.ProcessBootstrap.runNoExit(Ljava/lang/String;Ljava/lang/String;Ljava/lang/String;[Ljava/lang/String;)V+205
j  org.gradle.launcher.bootstrap.ProcessBootstrap.run(Ljava/lang/String;Ljava/lang/String;Ljava/lang/String;[Ljava/lang/String;)V+4
j  org.gradle.launcher.GradleMain.main([Ljava/lang/String;)V+68
v  ~StubRoutines::call_stub
j  jdk.internal.reflect.NativeMethodAccessorImpl.invoke0(Ljava/lang/reflect/Method;Ljava/lang/Object;[Ljava/lang/Object;)Ljava/lang/Object;+0 java.base@17.0.12
j  jdk.internal.reflect.NativeMethodAccessorImpl.invoke(Ljava/lang/Object;[Ljava/lang/Object;)Ljava/lang/Object;+133 java.base@17.0.12
j  jdk.internal.reflect.DelegatingMethodAccessorImpl.invoke(Ljava/lang/Object;[Ljava/lang/Object;)Ljava/lang/Object;+6 java.base@17.0.12
j  java.lang.reflect.Method.invoke(Ljava/lang/Object;[Ljava/lang/Object;)Ljava/lang/Object;+59 java.base@17.0.12
j  org.gradle.wrapper.GradleWrapperMain.main([Ljava/lang/String;)V+1826
v  ~StubRoutines::call_stub

---------------  P R O C E S S  ---------------

Threads class SMR info:
_java_thread_list=0x0000019e928c3ae0, length=13, elements={
0x0000019e3090bbb0, 0x0000019e321e5940, 0x0000019e321e6500, 0x0000019e321fcf70,
0x0000019e321fdb30, 0x0000019e321fe5f0, 0x0000019e8d11ff60, 0x0000019e8d12d050,
0x0000019e8d149af0, 0x0000019e8d14a400, 0x0000019e8d387f50, 0x0000019e8d390610,
0x0000019e922a1610
}

Java Threads: ( => current thread )
=>0x0000019e3090bbb0 JavaThread "main" [_thread_in_vm, id=16504, stack(0x0000003ce4200000,0x0000003ce4300000)]
  0x0000019e321e5940 JavaThread "Reference Handler" daemon [_thread_blocked, id=16240, stack(0x0000003ce4900000,0x0000003ce4a00000)]
  0x0000019e321e6500 JavaThread "Finalizer" daemon [_thread_blocked, id=13840, stack(0x0000003ce4a00000,0x0000003ce4b00000)]
  0x0000019e321fcf70 JavaThread "Signal Dispatcher" daemon [_thread_blocked, id=2720, stack(0x0000003ce4b00000,0x0000003ce4c00000)]
  0x0000019e321fdb30 JavaThread "Attach Listener" daemon [_thread_blocked, id=5752, stack(0x0000003ce4c00000,0x0000003ce4d00000)]
  0x0000019e321fe5f0 JavaThread "Service Thread" daemon [_thread_blocked, id=9820, stack(0x0000003ce4d00000,0x0000003ce4e00000)]
  0x0000019e8d11ff60 JavaThread "Monitor Deflation Thread" daemon [_thread_blocked, id=15884, stack(0x0000003ce4e00000,0x0000003ce4f00000)]
  0x0000019e8d12d050 JavaThread "C2 CompilerThread0" daemon [_thread_blocked, id=10600, stack(0x0000003ce4f00000,0x0000003ce5000000)]
  0x0000019e8d149af0 JavaThread "C1 CompilerThread0" daemon [_thread_blocked, id=2848, stack(0x0000003ce5000000,0x0000003ce5100000)]
  0x0000019e8d14a400 JavaThread "Sweeper thread" daemon [_thread_blocked, id=15180, stack(0x0000003ce5100000,0x0000003ce5200000)]
  0x0000019e8d387f50 JavaThread "Notification Thread" daemon [_thread_blocked, id=20112, stack(0x0000003ce5200000,0x0000003ce5300000)]
  0x0000019e8d390610 JavaThread "Common-Cleaner" daemon [_thread_blocked, id=19956, stack(0x0000003ce5400000,0x0000003ce5500000)]
  0x0000019e922a1610 JavaThread "pool-1-thread-1" [_thread_blocked, id=16236, stack(0x0000003ce5a00000,0x0000003ce5b00000)]

Other Threads:
  0x0000019e321e0a90 VMThread "VM Thread" [stack: 0x0000003ce4800000,0x0000003ce4900000] [id=11020]
  0x0000019e32166980 WatcherThread [stack: 0x0000003ce5300000,0x0000003ce5400000] [id=4152]
  0x0000019e32152120 GCTaskThread "GC Thread#0" [stack: 0x0000003ce4300000,0x0000003ce4400000] [id=3052]
  0x0000019e8dae7d60 GCTaskThread "GC Thread#1" [stack: 0x0000003ce5700000,0x0000003ce5800000] [id=1488]
  0x0000019e8d7db090 GCTaskThread "GC Thread#2" [stack: 0x0000003ce5800000,0x0000003ce5900000] [id=7664]
  0x0000019e8dbedc40 GCTaskThread "GC Thread#3" [stack: 0x0000003ce5900000,0x0000003ce5a00000] [id=7220]
  0x0000019e923070f0 GCTaskThread "GC Thread#4" [stack: 0x0000003ce5600000,0x0000003ce5700000] [id=9956]
  0x0000019e923ced20 GCTaskThread "GC Thread#5" [stack: 0x0000003ce5b00000,0x0000003ce5c00000] [id=15024]
  0x0000019e92273fa0 GCTaskThread "GC Thread#6" [stack: 0x0000003ce5c00000,0x0000003ce5d00000] [id=2604]
  0x0000019e32153870 ConcurrentGCThread "G1 Main Marker" [stack: 0x0000003ce4400000,0x0000003ce4500000] [id=3016]
  0x0000019e32154280 ConcurrentGCThread "G1 Conc#0" [stack: 0x0000003ce4500000,0x0000003ce4600000] [id=7992]
  0x0000019e321c7350 ConcurrentGCThread "G1 Refine#0" [stack: 0x0000003ce4600000,0x0000003ce4700000] [id=16712]
  0x0000019e321c7c20 ConcurrentGCThread "G1 Service" [stack: 0x0000003ce4700000,0x0000003ce4800000] [id=14460]

Threads with active compile tasks:

VM state: not at safepoint (normal execution)

VM Mutex/Monitor currently owned by a thread:  ([mutex/lock_event])
[0x0000019e321345c0] Metaspace_lock - owner thread: 0x0000019e3090bbb0

Heap address: 0x00000000fc000000, size: 64 MB, Compressed Oops mode: 32-bit

CDS archive(s) mapped at: [0x0000019e4c000000-0x0000019e4cbd0000-0x0000019e4cbd0000), size 12386304, SharedBaseAddress: 0x0000019e4c000000, ArchiveRelocationMode: 1.
Compressed class space mapped at: 0x0000019e4d000000-0x0000019e8d000000, reserved size: 1073741824
Narrow klass base: 0x0000019e4c000000, Narrow klass shift: 0, Narrow klass range: 0x100000000

GC Precious Log:
 CPUs: 8 total, 8 available
 Memory: 7975M
 Large Page Support: Disabled
 NUMA Support: Disabled
 Compressed Oops: Enabled (32-bit)
 Heap Region Size: 1M
 Heap Min Capacity: 64M
 Heap Initial Capacity: 64M
 Heap Max Capacity: 64M
 Pre-touch: Disabled
 Parallel Workers: 8
 Concurrent Workers: 2
 Concurrent Refinement Workers: 8
 Periodic GC: Disabled

Heap:
 garbage-first heap   total 65536K, used 14513K [0x00000000fc000000, 0x0000000100000000)
  region size 1024K, 8 young (8192K), 4 survivors (4096K)
 Metaspace       used 9314K, committed 9472K, reserved 1114112K
  class space    used 1254K, committed 1344K, reserved 1048576K

Heap Regions: E=young(eden), S=young(survivor), O=old, HS=humongous(starts), HC=humongous(continues), CS=collection set, F=free, OA=open archive, CA=closed archive, TAMS=top-at-mark-start (previous, next)
|   0|0x00000000fc000000, 0x00000000fc100000, 0x00000000fc100000|100%| O|  |TAMS 0x00000000fc000000, 0x00000000fc000000| Untracked 
|   1|0x00000000fc100000, 0x00000000fc200000, 0x00000000fc200000|100%|HS|  |TAMS 0x00000000fc100000, 0x00000000fc100000| Complete 
|   2|0x00000000fc200000, 0x00000000fc300000, 0x00000000fc300000|100%|HC|  |TAMS 0x00000000fc200000, 0x00000000fc200000| Complete 
|   3|0x00000000fc300000, 0x00000000fc400000, 0x00000000fc400000|100%|HC|  |TAMS 0x00000000fc300000, 0x00000000fc300000| Complete 
|   4|0x00000000fc400000, 0x00000000fc500000, 0x00000000fc500000|100%| O|  |TAMS 0x00000000fc400000, 0x00000000fc400000| Untracked 
|   5|0x00000000fc500000, 0x00000000fc600000, 0x00000000fc600000|100%| O|  |TAMS 0x00000000fc500000, 0x00000000fc500000| Untracked 
|   6|0x00000000fc600000, 0x00000000fc700000, 0x00000000fc700000|100%| O|  |TAMS 0x00000000fc600000, 0x00000000fc600000| Untracked 
|   7|0x00000000fc700000, 0x00000000fc72c400, 0x00000000fc800000| 17%| O|  |TAMS 0x00000000fc700000, 0x00000000fc700000| Untracked 
|   8|0x00000000fc800000, 0x00000000fc800000, 0x00000000fc900000|  0%| F|  |TAMS 0x00000000fc800000, 0x00000000fc800000| Untracked 
|   9|0x00000000fc900000, 0x00000000fc900000, 0x00000000fca00000|  0%| F|  |TAMS 0x00000000fc900000, 0x00000000fc900000| Untracked 
|  10|0x00000000fca00000, 0x00000000fca00000, 0x00000000fcb00000|  0%| F|  |TAMS 0x00000000fca00000, 0x00000000fca00000| Untracked 
|  11|0x00000000fcb00000, 0x00000000fcb00000, 0x00000000fcc00000|  0%| F|  |TAMS 0x00000000fcb00000, 0x00000000fcb00000| Untracked 
|  12|0x00000000fcc00000, 0x00000000fcc00000, 0x00000000fcd00000|  0%| F|  |TAMS 0x00000000fcc00000, 0x00000000fcc00000| Untracked 
|  13|0x00000000fcd00000, 0x00000000fcd00000, 0x00000000fce00000|  0%| F|  |TAMS 0x00000000fcd00000, 0x00000000fcd00000| Untracked 
|  14|0x00000000fce00000, 0x00000000fce00000, 0x00000000fcf00000|  0%| F|  |TAMS 0x00000000fce00000, 0x00000000fce00000| Untracked 
|  15|0x00000000fcf00000, 0x00000000fcf00000, 0x00000000fd000000|  0%| F|  |TAMS 0x00000000fcf00000, 0x00000000fcf00000| Untracked 
|  16|0x00000000fd000000, 0x00000000fd000000, 0x00000000fd100000|  0%| F|  |TAMS 0x00000000fd000000, 0x00000000fd000000| Untracked 
|  17|0x00000000fd100000, 0x00000000fd100000, 0x00000000fd200000|  0%| F|  |TAMS 0x00000000fd100000, 0x00000000fd100000| Untracked 
|  18|0x00000000fd200000, 0x00000000fd200000, 0x00000000fd300000|  0%| F|  |TAMS 0x00000000fd200000, 0x00000000fd200000| Untracked 
|  19|0x00000000fd300000, 0x00000000fd300000, 0x00000000fd400000|  0%| F|  |TAMS 0x00000000fd300000, 0x00000000fd300000| Untracked 
|  20|0x00000000fd400000, 0x00000000fd400000, 0x00000000fd500000|  0%| F|  |TAMS 0x00000000fd400000, 0x00000000fd400000| Untracked 
|  21|0x00000000fd500000, 0x00000000fd500000, 0x00000000fd600000|  0%| F|  |TAMS 0x00000000fd500000, 0x00000000fd500000| Untracked 
|  22|0x00000000fd600000, 0x00000000fd600000, 0x00000000fd700000|  0%| F|  |TAMS 0x00000000fd600000, 0x00000000fd600000| Untracked 
|  23|0x00000000fd700000, 0x00000000fd700000, 0x00000000fd800000|  0%| F|  |TAMS 0x00000000fd700000, 0x00000000fd700000| Untracked 
|  24|0x00000000fd800000, 0x00000000fd800000, 0x00000000fd900000|  0%| F|  |TAMS 0x00000000fd800000, 0x00000000fd800000| Untracked 
|  25|0x00000000fd900000, 0x00000000fd900000, 0x00000000fda00000|  0%| F|  |TAMS 0x00000000fd900000, 0x00000000fd900000| Untracked 
|  26|0x00000000fda00000, 0x00000000fda00000, 0x00000000fdb00000|  0%| F|  |TAMS 0x00000000fda00000, 0x00000000fda00000| Untracked 
|  27|0x00000000fdb00000, 0x00000000fdb00000, 0x00000000fdc00000|  0%| F|  |TAMS 0x00000000fdb00000, 0x00000000fdb00000| Untracked 
|  28|0x00000000fdc00000, 0x00000000fdc00000, 0x00000000fdd00000|  0%| F|  |TAMS 0x00000000fdc00000, 0x00000000fdc00000| Untracked 
|  29|0x00000000fdd00000, 0x00000000fde00000, 0x00000000fde00000|100%| S|CS|TAMS 0x00000000fdd00000, 0x00000000fdd00000| Complete 
|  30|0x00000000fde00000, 0x00000000fdf00000, 0x00000000fdf00000|100%| S|CS|TAMS 0x00000000fde00000, 0x00000000fde00000| Complete 
|  31|0x00000000fdf00000, 0x00000000fe000000, 0x00000000fe000000|100%| S|CS|TAMS 0x00000000fdf00000, 0x00000000fdf00000| Complete 
|  32|0x00000000fe000000, 0x00000000fe100000, 0x00000000fe100000|100%| S|CS|TAMS 0x00000000fe000000, 0x00000000fe000000| Complete 
|  33|0x00000000fe100000, 0x00000000fe100000, 0x00000000fe200000|  0%| F|  |TAMS 0x00000000fe100000, 0x00000000fe100000| Untracked 
|  34|0x00000000fe200000, 0x00000000fe200000, 0x00000000fe300000|  0%| F|  |TAMS 0x00000000fe200000, 0x00000000fe200000| Untracked 
|  35|0x00000000fe300000, 0x00000000fe300000, 0x00000000fe400000|  0%| F|  |TAMS 0x00000000fe300000, 0x00000000fe300000| Untracked 
|  36|0x00000000fe400000, 0x00000000fe400000, 0x00000000fe500000|  0%| F|  |TAMS 0x00000000fe400000, 0x00000000fe400000| Untracked 
|  37|0x00000000fe500000, 0x00000000fe500000, 0x00000000fe600000|  0%| F|  |TAMS 0x00000000fe500000, 0x00000000fe500000| Untracked 
|  38|0x00000000fe600000, 0x00000000fe600000, 0x00000000fe700000|  0%| F|  |TAMS 0x00000000fe600000, 0x00000000fe600000| Untracked 
|  39|0x00000000fe700000, 0x00000000fe700000, 0x00000000fe800000|  0%| F|  |TAMS 0x00000000fe700000, 0x00000000fe700000| Untracked 
|  40|0x00000000fe800000, 0x00000000fe800000, 0x00000000fe900000|  0%| F|  |TAMS 0x00000000fe800000, 0x00000000fe800000| Untracked 
|  41|0x00000000fe900000, 0x00000000fe900000, 0x00000000fea00000|  0%| F|  |TAMS 0x00000000fe900000, 0x00000000fe900000| Untracked 
|  42|0x00000000fea00000, 0x00000000fea00000, 0x00000000feb00000|  0%| F|  |TAMS 0x00000000fea00000, 0x00000000fea00000| Untracked 
|  43|0x00000000feb00000, 0x00000000feb00000, 0x00000000fec00000|  0%| F|  |TAMS 0x00000000feb00000, 0x00000000feb00000| Untracked 
|  44|0x00000000fec00000, 0x00000000fec00000, 0x00000000fed00000|  0%| F|  |TAMS 0x00000000fec00000, 0x00000000fec00000| Untracked 
|  45|0x00000000fed00000, 0x00000000fed00000, 0x00000000fee00000|  0%| F|  |TAMS 0x00000000fed00000, 0x00000000fed00000| Untracked 
|  46|0x00000000fee00000, 0x00000000fee00000, 0x00000000fef00000|  0%| F|  |TAMS 0x00000000fee00000, 0x00000000fee00000| Untracked 
|  47|0x00000000fef00000, 0x00000000fef00000, 0x00000000ff000000|  0%| F|  |TAMS 0x00000000fef00000, 0x00000000fef00000| Untracked 
|  48|0x00000000ff000000, 0x00000000ff000000, 0x00000000ff100000|  0%| F|  |TAMS 0x00000000ff000000, 0x00000000ff000000| Untracked 
|  49|0x00000000ff100000, 0x00000000ff100000, 0x00000000ff200000|  0%| F|  |TAMS 0x00000000ff100000, 0x00000000ff100000| Untracked 
|  50|0x00000000ff200000, 0x00000000ff200000, 0x00000000ff300000|  0%| F|  |TAMS 0x00000000ff200000, 0x00000000ff200000| Untracked 
|  51|0x00000000ff300000, 0x00000000ff300000, 0x00000000ff400000|  0%| F|  |TAMS 0x00000000ff300000, 0x00000000ff300000| Untracked 
|  52|0x00000000ff400000, 0x00000000ff400000, 0x00000000ff500000|  0%| F|  |TAMS 0x00000000ff400000, 0x00000000ff400000| Untracked 
|  53|0x00000000ff500000, 0x00000000ff500000, 0x00000000ff600000|  0%| F|  |TAMS 0x00000000ff500000, 0x00000000ff500000| Untracked 
|  54|0x00000000ff600000, 0x00000000ff600000, 0x00000000ff700000|  0%| F|  |TAMS 0x00000000ff600000, 0x00000000ff600000| Untracked 
|  55|0x00000000ff700000, 0x00000000ff700000, 0x00000000ff800000|  0%| F|  |TAMS 0x00000000ff700000, 0x00000000ff700000| Untracked 
|  56|0x00000000ff800000, 0x00000000ff800000, 0x00000000ff900000|  0%| F|  |TAMS 0x00000000ff800000, 0x00000000ff800000| Untracked 
|  57|0x00000000ff900000, 0x00000000ff900000, 0x00000000ffa00000|  0%| F|  |TAMS 0x00000000ff900000, 0x00000000ff900000| Untracked 
|  58|0x00000000ffa00000, 0x00000000ffa00000, 0x00000000ffb00000|  0%| F|  |TAMS 0x00000000ffa00000, 0x00000000ffa00000| Untracked 
|  59|0x00000000ffb00000, 0x00000000ffb00000, 0x00000000ffc00000|  0%| F|  |TAMS 0x00000000ffb00000, 0x00000000ffb00000| Untracked 
|  60|0x00000000ffc00000, 0x00000000ffc45db0, 0x00000000ffd00000| 27%| E|  |TAMS 0x00000000ffc00000, 0x00000000ffc00000| Complete 
|  61|0x00000000ffd00000, 0x00000000ffe00000, 0x00000000ffe00000|100%| E|CS|TAMS 0x00000000ffd00000, 0x00000000ffd00000| Complete 
|  62|0x00000000ffe00000, 0x00000000fff00000, 0x00000000fff00000|100%| E|CS|TAMS 0x00000000ffe00000, 0x00000000ffe00000| Complete 
|  63|0x00000000fff00000, 0x0000000100000000, 0x0000000100000000|100%| E|CS|TAMS 0x00000000fff00000, 0x00000000fff00000| Complete 

Card table byte_map: [0x0000019e32240000,0x0000019e32260000] _byte_map_base: 0x0000019e31a60000

Marking Bits (Prev, Next): (CMBitMap*) 0x0000019e32152740, (CMBitMap*) 0x0000019e32152780
 Prev Bits: [0x0000019e49520000, 0x0000019e49620000)
 Next Bits: [0x0000019e49620000, 0x0000019e49720000)

Polling page: 0x0000019e30ad0000

Metaspace:

Usage:
  Non-class:      7.87 MB used.
      Class:      1.22 MB used.
       Both:      9.10 MB used.

Virtual space:
  Non-class space:       64.00 MB reserved,       7.94 MB ( 12%) committed,  1 nodes.
      Class space:        1.00 GB reserved,       1.31 MB ( <1%) committed,  1 nodes.
             Both:        1.06 GB reserved,       9.25 MB ( <1%) committed. 

Chunk freelists:
   Non-Class:  7.72 MB
       Class:  14.51 MB
        Both:  22.22 MB

MaxMetaspaceSize: unlimited
CompressedClassSpaceSize: 1.00 GB
Initial GC threshold: 21.00 MB
Current GC threshold: 21.00 MB
CDS: on
MetaspaceReclaimPolicy: balanced
 - commit_granule_bytes: 65536.
 - commit_granule_words: 8192.
 - virtual_space_node_default_size: 8388608.
 - enlarge_chunks_in_place: 1.
 - new_chunks_are_fully_committed: 0.
 - uncommit_free_chunks: 1.
 - use_allocation_guard: 0.
 - handle_deallocations: 1.


Internal statistics:

num_allocs_failed_limit: 0.
num_arena_births: 72.
num_arena_deaths: 0.
num_vsnodes_births: 2.
num_vsnodes_deaths: 0.
num_space_committed: 148.
num_space_uncommitted: 0.
num_chunks_returned_to_freelist: 0.
num_chunks_taken_from_freelist: 334.
num_chunk_merges: 0.
num_chunk_splits: 223.
num_chunks_enlarged: 181.
num_inconsistent_stats: 0.

CodeHeap 'non-profiled nmethods': size=120000Kb used=689Kb max_used=689Kb free=119310Kb
 bounds [0x0000019e41590000, 0x0000019e41800000, 0x0000019e48ac0000]
CodeHeap 'profiled nmethods': size=120000Kb used=2937Kb max_used=2937Kb free=117062Kb
 bounds [0x0000019e39ac0000, 0x0000019e39da0000, 0x0000019e40ff0000]
CodeHeap 'non-nmethods': size=5760Kb used=1179Kb max_used=1204Kb free=4580Kb
 bounds [0x0000019e40ff0000, 0x0000019e41260000, 0x0000019e41590000]
 total_blobs=2011 nmethods=1547 adapters=377
 compilation: enabled
              stopped_count=0, restarted_count=0
 full_count=0

Compilation events (20 events):
Event: 7.702 Thread 0x0000019e8d149af0 1537       3       sun.nio.ch.WEPoll::getEvents (13 bytes)
Event: 7.702 Thread 0x0000019e8d149af0 nmethod 1537 0x0000019e39d98d10 code [0x0000019e39d98ea0, 0x0000019e39d98ff8]
Event: 7.702 Thread 0x0000019e8d149af0 1538       3       sun.nio.ch.WEPollSelectorImpl::toReadyOps (58 bytes)
Event: 7.703 Thread 0x0000019e8d149af0 nmethod 1538 0x0000019e39d99090 code [0x0000019e39d99220, 0x0000019e39d99418]
Event: 7.703 Thread 0x0000019e8d149af0 1539       3       sun.nio.ch.SelectorImpl::processReadyEvents (115 bytes)
Event: 7.703 Thread 0x0000019e8d149af0 nmethod 1539 0x0000019e39d99490 code [0x0000019e39d99700, 0x0000019e39d9a2c8]
Event: 7.703 Thread 0x0000019e8d149af0 1540       3       java.nio.MappedByteBuffer::clear (5 bytes)
Event: 7.703 Thread 0x0000019e8d149af0 nmethod 1540 0x0000019e39d9a690 code [0x0000019e39d9a840, 0x0000019e39d9aa78]
Event: 7.703 Thread 0x0000019e8d149af0 1541       3       java.nio.MappedByteBuffer::clear (7 bytes)
Event: 7.703 Thread 0x0000019e8d149af0 nmethod 1541 0x0000019e39d9ab90 code [0x0000019e39d9ad40, 0x0000019e39d9af18]
Event: 7.703 Thread 0x0000019e8d149af0 1542       3       java.nio.ByteBuffer::get (54 bytes)
Event: 7.704 Thread 0x0000019e8d149af0 nmethod 1542 0x0000019e39d9b010 code [0x0000019e39d9b200, 0x0000019e39d9b6d8]
Event: 7.704 Thread 0x0000019e8d149af0 1543   !   3       java.nio.ByteBuffer::getArray (121 bytes)
Event: 7.704 Thread 0x0000019e8d149af0 nmethod 1543 0x0000019e39d9b910 code [0x0000019e39d9bb80, 0x0000019e39d9c6b8]
Event: 7.709 Thread 0x0000019e8d12d050 1545       4       jdk.internal.org.objectweb.asm.ByteVector::putShort (52 bytes)
Event: 7.709 Thread 0x0000019e8d149af0 1546       3       jdk.internal.org.objectweb.asm.MethodWriter::visitCode (1 bytes)
Event: 7.710 Thread 0x0000019e8d149af0 nmethod 1546 0x0000019e39d9cd10 code [0x0000019e39d9cea0, 0x0000019e39d9cfb8]
Event: 7.710 Thread 0x0000019e8d12d050 nmethod 1545 0x0000019e4163c310 code [0x0000019e4163c480, 0x0000019e4163c5b8]
Event: 7.710 Thread 0x0000019e8d149af0 1547       3       java.lang.invoke.MethodType$ConcurrentWeakInternSet::add (66 bytes)
Event: 7.711 Thread 0x0000019e8d149af0 nmethod 1547 0x0000019e39d9d090 code [0x0000019e39d9d300, 0x0000019e39d9e0e8]

GC Heap History (4 events):
Event: 0.581 GC heap before
{Heap before GC invocations=0 (full 0):
 garbage-first heap   total 65536K, used 22528K [0x00000000fc000000, 0x0000000100000000)
  region size 1024K, 23 young (23552K), 0 survivors (0K)
 Metaspace       used 1822K, committed 1920K, reserved 1114112K
  class space    used 159K, committed 192K, reserved 1048576K
}
Event: 0.585 GC heap after
{Heap after GC invocations=1 (full 0):
 garbage-first heap   total 65536K, used 3832K [0x00000000fc000000, 0x0000000100000000)
  region size 1024K, 3 young (3072K), 3 survivors (3072K)
 Metaspace       used 1822K, committed 1920K, reserved 1114112K
  class space    used 159K, committed 192K, reserved 1048576K
}
Event: 1.422 GC heap before
{Heap before GC invocations=1 (full 0):
 garbage-first heap   total 65536K, used 35576K [0x00000000fc000000, 0x0000000100000000)
  region size 1024K, 31 young (31744K), 3 survivors (3072K)
 Metaspace       used 8251K, committed 8448K, reserved 1114112K
  class space    used 1130K, committed 1216K, reserved 1048576K
}
Event: 1.427 GC heap after
{Heap after GC invocations=2 (full 0):
 garbage-first heap   total 65536K, used 11441K [0x00000000fc000000, 0x0000000100000000)
  region size 1024K, 4 young (4096K), 4 survivors (4096K)
 Metaspace       used 8251K, committed 8448K, reserved 1114112K
  class space    used 1130K, committed 1216K, reserved 1048576K
}

Deoptimization events (20 events):
Event: 1.439 Thread 0x0000019e3090bbb0 Uncommon trap: trap_request=0xffffffde fr.pc=0x0000019e4161f0c4 relative=0x0000000000000504
Event: 1.439 Thread 0x0000019e3090bbb0 Uncommon trap: reason=class_check action=maybe_recompile pc=0x0000019e4161f0c4 method=java.util.HashMap.getNode(Ljava/lang/Object;)Ljava/util/HashMap$Node; @ 128 c2
Event: 1.439 Thread 0x0000019e3090bbb0 DEOPT PACKING pc=0x0000019e4161f0c4 sp=0x0000003ce42fa620
Event: 1.439 Thread 0x0000019e3090bbb0 DEOPT UNPACKING pc=0x0000019e41045ba3 sp=0x0000003ce42fa598 mode 2
Event: 1.461 Thread 0x0000019e3090bbb0 Uncommon trap: trap_request=0xffffffde fr.pc=0x0000019e415c44f4 relative=0x0000000000000074
Event: 1.461 Thread 0x0000019e3090bbb0 Uncommon trap: reason=class_check action=maybe_recompile pc=0x0000019e415c44f4 method=java.util.AbstractList$Itr.hasNext()Z @ 8 c2
Event: 1.461 Thread 0x0000019e3090bbb0 DEOPT PACKING pc=0x0000019e415c44f4 sp=0x0000003ce42fc440
Event: 1.461 Thread 0x0000019e3090bbb0 DEOPT UNPACKING pc=0x0000019e41045ba3 sp=0x0000003ce42fc3d8 mode 2
Event: 1.489 Thread 0x0000019e3090bbb0 Uncommon trap: trap_request=0xffffffde fr.pc=0x0000019e415c44f4 relative=0x0000000000000074
Event: 1.489 Thread 0x0000019e3090bbb0 Uncommon trap: reason=class_check action=maybe_recompile pc=0x0000019e415c44f4 method=java.util.AbstractList$Itr.hasNext()Z @ 8 c2
Event: 1.489 Thread 0x0000019e3090bbb0 DEOPT PACKING pc=0x0000019e415c44f4 sp=0x0000003ce42fd470
Event: 1.489 Thread 0x0000019e3090bbb0 DEOPT UNPACKING pc=0x0000019e41045ba3 sp=0x0000003ce42fd408 mode 2
Event: 2.450 Thread 0x0000019e3090bbb0 Uncommon trap: trap_request=0xffffffc6 fr.pc=0x0000019e41612eb8 relative=0x0000000000000558
Event: 2.450 Thread 0x0000019e3090bbb0 Uncommon trap: reason=bimorphic_or_optimized_type_check action=maybe_recompile pc=0x0000019e41612eb8 method=java.util.concurrent.ConcurrentHashMap.get(Ljava/lang/Object;)Ljava/lang/Object; @ 149 c2
Event: 2.450 Thread 0x0000019e3090bbb0 DEOPT PACKING pc=0x0000019e41612eb8 sp=0x0000003ce42fd5b0
Event: 2.450 Thread 0x0000019e3090bbb0 DEOPT UNPACKING pc=0x0000019e41045ba3 sp=0x0000003ce42fd550 mode 2
Event: 2.450 Thread 0x0000019e3090bbb0 Uncommon trap: trap_request=0xffffffc6 fr.pc=0x0000019e41612eb8 relative=0x0000000000000558
Event: 2.450 Thread 0x0000019e3090bbb0 Uncommon trap: reason=bimorphic_or_optimized_type_check action=maybe_recompile pc=0x0000019e41612eb8 method=java.util.concurrent.ConcurrentHashMap.get(Ljava/lang/Object;)Ljava/lang/Object; @ 149 c2
Event: 2.450 Thread 0x0000019e3090bbb0 DEOPT PACKING pc=0x0000019e41612eb8 sp=0x0000003ce42fd5b0
Event: 2.450 Thread 0x0000019e3090bbb0 DEOPT UNPACKING pc=0x0000019e41045ba3 sp=0x0000003ce42fd550 mode 2

Classes unloaded (0 events):
No events

Classes redefined (0 events):
No events

Internal exceptions (20 events):
Event: 0.152 Thread 0x0000019e3090bbb0 Exception <a 'java/lang/NoSuchMethodError'{0x00000000ffdede68}: 'int java.lang.invoke.DirectMethodHandle$Holder.invokeStaticInit(java.lang.Object, java.lang.Object)'> (0x00000000ffdede68) 
thrown [s\open\src\hotspot\share\interpreter\linkResolver.cpp, line 759]
Event: 0.883 Thread 0x0000019e3090bbb0 Exception <a 'java/lang/NoSuchMethodError'{0x00000000ff43fa18}: 'java.lang.Object java.lang.invoke.DirectMethodHandle$Holder.invokeStaticInit(java.lang.Object)'> (0x00000000ff43fa18) 
thrown [s\open\src\hotspot\share\interpreter\linkResolver.cpp, line 759]
Event: 0.892 Thread 0x0000019e3090bbb0 Exception <a 'java/lang/NoSuchMethodError'{0x00000000ff45a6e0}: 'int java.lang.invoke.DirectMethodHandle$Holder.invokeSpecial(java.lang.Object, java.lang.Object, java.lang.Object)'> (0x00000000ff45a6e0) 
thrown [s\open\src\hotspot\share\interpreter\linkResolver.cpp, line 759]
Event: 0.897 Thread 0x0000019e3090bbb0 Exception <a 'java/lang/NoSuchMethodError'{0x00000000ff496728}: 'void java.lang.invoke.DirectMethodHandle$Holder.invokeStatic(java.lang.Object, java.lang.Object)'> (0x00000000ff496728) 
thrown [s\open\src\hotspot\share\interpreter\linkResolver.cpp, line 759]
Event: 0.899 Thread 0x0000019e3090bbb0 Implicit null exception at 0x0000019e415f0d0a to 0x0000019e415f11e0
Event: 0.899 Thread 0x0000019e3090bbb0 Implicit null exception at 0x0000019e415d758a to 0x0000019e415d7a68
Event: 0.899 Thread 0x0000019e3090bbb0 Implicit null exception at 0x0000019e415bb48f to 0x0000019e415bb509
Event: 0.912 Thread 0x0000019e3090bbb0 Exception <a 'java/lang/NoClassDefFoundError'{0x00000000ff3151e8}: org/slf4j/impl/StaticMarkerBinder> (0x00000000ff3151e8) 
thrown [s\open\src\hotspot\share\classfile\systemDictionary.cpp, line 245]
Event: 0.927 Thread 0x0000019e3090bbb0 Exception <a 'java/lang/NoSuchMethodError'{0x00000000ff3c2830}: 'java.lang.Object java.lang.invoke.Invokers$Holder.invoker(java.lang.Object, java.lang.Object, java.lang.Object)'> (0x00000000ff3c2830) 
thrown [s\open\src\hotspot\share\interpreter\linkResolver.cpp, line 759]
Event: 0.928 Thread 0x0000019e3090bbb0 Exception <a 'java/lang/NoSuchMethodError'{0x00000000ff3cb988}: 'java.lang.Object java.lang.invoke.DirectMethodHandle$Holder.invokeStatic(java.lang.Object, java.lang.Object, int)'> (0x00000000ff3cb988) 
thrown [s\open\src\hotspot\share\interpreter\linkResolver.cpp, line 759]
Event: 0.929 Thread 0x0000019e3090bbb0 Exception <a 'java/lang/NoSuchMethodError'{0x00000000ff3d7678}: 'void java.lang.invoke.DelegatingMethodHandle$Holder.delegate(java.lang.Object, java.lang.Object, int, java.lang.Object)'> (0x00000000ff3d7678) 
thrown [s\open\src\hotspot\share\interpreter\linkResolver.cpp, line 759]
Event: 0.932 Thread 0x0000019e3090bbb0 Exception <a 'java/lang/NoSuchMethodError'{0x00000000ff3eacc0}: 'java.lang.Object java.lang.invoke.Invokers$Holder.invokeExact_MT(java.lang.Object, java.lang.Object, java.lang.Object, java.lang.Object)'> (0x00000000ff3eacc0) 
thrown [s\open\src\hotspot\share\interpreter\linkResolver.cpp, line 759]
Event: 0.938 Thread 0x0000019e3090bbb0 Exception <a 'java/lang/NoSuchMethodError'{0x00000000ff215da0}: 'java.lang.Object java.lang.invoke.DirectMethodHandle$Holder.invokeVirtual(java.lang.Object, java.lang.Object, java.lang.Object)'> (0x00000000ff215da0) 
thrown [s\open\src\hotspot\share\interpreter\linkResolver.cpp, line 759]
Event: 1.032 Thread 0x0000019e3090bbb0 Exception <a 'java/lang/NoSuchMethodError'{0x00000000fee9f600}: 'java.lang.Object java.lang.invoke.DirectMethodHandle$Holder.newInvokeSpecial(java.lang.Object, java.lang.Object, java.lang.Object, java.lang.Object, java.lang.Object)'> (0x00000000fee9f600) 
thrown [s\open\src\hotspot\share\interpreter\linkResolver.cpp, line 759]
Event: 1.054 Thread 0x0000019e3090bbb0 Exception <a 'java/lang/NoSuchMethodError'{0x00000000fedc1e48}: 'void java.lang.invoke.DirectMethodHandle$Holder.invokeSpecial(java.lang.Object, java.lang.Object, java.lang.Object)'> (0x00000000fedc1e48) 
thrown [s\open\src\hotspot\share\interpreter\linkResolver.cpp, line 759]
Event: 1.146 Thread 0x0000019e3090bbb0 Exception <a 'java/lang/NoSuchMethodError'{0x00000000fe5d5628}: 'java.lang.Object java.lang.invoke.DirectMethodHandle$Holder.invokeSpecialIFC(java.lang.Object, java.lang.Object, java.lang.Object, java.lang.Object)'> (0x00000000fe5d5628) 
thrown [s\open\src\hotspot\share\interpreter\linkResolver.cpp, line 759]
Event: 1.189 Thread 0x0000019e3090bbb0 Exception <a 'java/lang/NoSuchMethodError'{0x00000000fe26d278}: 'java.lang.Object java.lang.invoke.DirectMethodHandle$Holder.invokeStaticInit(java.lang.Object, int, int, int, int)'> (0x00000000fe26d278) 
thrown [s\open\src\hotspot\share\interpreter\linkResolver.cpp, line 759]
Event: 1.225 Thread 0x0000019e3090bbb0 Exception <a 'java/lang/NoSuchMethodError'{0x00000000fe2969c8}: 'java.lang.Object java.lang.invoke.DirectMethodHandle$Holder.invokeStaticInit(java.lang.Object, java.lang.Object, int, int, int, int)'> (0x00000000fe2969c8) 
thrown [s\open\src\hotspot\share\interpreter\linkResolver.cpp, line 759]
Event: 1.385 Thread 0x0000019e3090bbb0 Exception <a 'java/lang/NoSuchMethodError'{0x00000000fe2c2a10}: 'void java.lang.invoke.DirectMethodHandle$Holder.invokeStatic(java.lang.Object, java.lang.Object, java.lang.Object)'> (0x00000000fe2c2a10) 
thrown [s\open\src\hotspot\share\interpreter\linkResolver.cpp, line 759]
Event: 1.405 Thread 0x0000019e3090bbb0 Implicit null exception at 0x0000019e415d68f2 to 0x0000019e415d6f30

VM Operations (20 events):
Event: 1.421 Executing VM operation: G1CollectForAllocation
Event: 1.427 Executing VM operation: G1CollectForAllocation done
Event: 1.436 Executing VM operation: HandshakeAllThreads
Event: 1.436 Executing VM operation: HandshakeAllThreads done
Event: 1.503 Executing VM operation: HandshakeAllThreads
Event: 1.503 Executing VM operation: HandshakeAllThreads done
Event: 1.702 Executing VM operation: HandshakeAllThreads
Event: 1.702 Executing VM operation: HandshakeAllThreads done
Event: 2.708 Executing VM operation: Cleanup
Event: 2.708 Executing VM operation: Cleanup done
Event: 3.430 Executing VM operation: HandshakeAllThreads
Event: 3.430 Executing VM operation: HandshakeAllThreads done
Event: 4.445 Executing VM operation: Cleanup
Event: 4.445 Executing VM operation: Cleanup done
Event: 5.458 Executing VM operation: Cleanup
Event: 5.458 Executing VM operation: Cleanup done
Event: 6.459 Executing VM operation: Cleanup
Event: 6.460 Executing VM operation: Cleanup done
Event: 7.460 Executing VM operation: Cleanup
Event: 7.460 Executing VM operation: Cleanup done

Events (20 events):
Event: 3.430 loading class java/util/ArrayList$ListItr done
Event: 7.703 loading class java/io/ObjectOutputStream
Event: 7.704 loading class java/io/ObjectOutput
Event: 7.704 loading class java/io/ObjectOutput done
Event: 7.704 loading class java/io/ObjectStreamConstants
Event: 7.704 loading class java/io/ObjectStreamConstants done
Event: 7.704 loading class java/io/ObjectOutputStream done
Event: 7.705 loading class java/io/ObjectInputStream
Event: 7.705 loading class java/io/ObjectInput
Event: 7.706 loading class java/io/ObjectInput done
Event: 7.706 loading class java/io/ObjectInputStream done
Event: 7.707 loading class java/lang/UnsupportedClassVersionError
Event: 7.707 loading class java/lang/ClassFormatError
Event: 7.707 loading class java/lang/ClassFormatError done
Event: 7.707 loading class java/lang/UnsupportedClassVersionError done
Event: 7.708 loading class jdk/internal/access/JavaObjectInputStreamAccess
Event: 7.708 loading class jdk/internal/access/JavaObjectInputStreamAccess done
Event: 7.710 loading class jdk/internal/access/JavaObjectInputStreamReadString
Event: 7.710 loading class jdk/internal/access/JavaObjectInputStreamReadString done
Event: 7.710 loading class java/io/ObjectInputStream$BlockDataInputStream


Dynamic libraries:
0x00007ff6b0240000 - 0x00007ff6b0250000 	C:\Program Files\Java\jdk-17\bin\java.exe
0x00007ff9de420000 - 0x00007ff9de683000 	C:\WINDOWS\SYSTEM32\ntdll.dll
0x00007ff9dd580000 - 0x00007ff9dd647000 	C:\WINDOWS\System32\KERNEL32.DLL
0x00007ff9dbdb0000 - 0x00007ff9dc179000 	C:\WINDOWS\System32\KERNELBASE.dll
0x00007ff9db620000 - 0x00007ff9db76c000 	C:\WINDOWS\System32\ucrtbase.dll
0x00007ff9b6510000 - 0x00007ff9b6529000 	C:\Program Files\Java\jdk-17\bin\jli.dll
0x00007ff9b64f0000 - 0x00007ff9b650b000 	C:\Program Files\Java\jdk-17\bin\VCRUNTIME140.dll
0x00007ff9dc6d0000 - 0x00007ff9dc782000 	C:\WINDOWS\System32\ADVAPI32.dll
0x00007ff9de130000 - 0x00007ff9de1d9000 	C:\WINDOWS\System32\msvcrt.dll
0x00007ff9dd690000 - 0x00007ff9dd736000 	C:\WINDOWS\System32\sechost.dll
0x00007ff9dcc50000 - 0x00007ff9dcd66000 	C:\WINDOWS\System32\RPCRT4.dll
0x00007ff9ddf60000 - 0x00007ff9de12a000 	C:\WINDOWS\System32\USER32.dll
0x00007ff9b37c0000 - 0x00007ff9b3a50000 	C:\WINDOWS\WinSxS\amd64_microsoft.windows.common-controls_6595b64144ccf1df_6.0.26100.3323_none_3e088096e3344490\COMCTL32.dll
0x00007ff9db810000 - 0x00007ff9db837000 	C:\WINDOWS\System32\win32u.dll
0x00007ff9dc790000 - 0x00007ff9dc7ba000 	C:\WINDOWS\System32\GDI32.dll
0x00007ff9dbaf0000 - 0x00007ff9dbc21000 	C:\WINDOWS\System32\gdi32full.dll
0x00007ff9dba40000 - 0x00007ff9dbae3000 	C:\WINDOWS\System32\msvcp_win.dll
0x00007ff9be640000 - 0x00007ff9be64b000 	C:\WINDOWS\SYSTEM32\VERSION.dll
0x00007ff9dd650000 - 0x00007ff9dd67f000 	C:\WINDOWS\System32\IMM32.DLL
0x00007ff9b8870000 - 0x00007ff9b887c000 	C:\Program Files\Java\jdk-17\bin\vcruntime140_1.dll
0x00007ff9b6460000 - 0x00007ff9b64ee000 	C:\Program Files\Java\jdk-17\bin\msvcp140.dll
0x00007ff9745d0000 - 0x00007ff9751b0000 	C:\Program Files\Java\jdk-17\bin\server\jvm.dll
0x00007ff9dd7d0000 - 0x00007ff9dd7d8000 	C:\WINDOWS\System32\PSAPI.DLL
0x00007ff9b7e20000 - 0x00007ff9b7e2a000 	C:\WINDOWS\SYSTEM32\WSOCK32.dll
0x00007ff9cf8d0000 - 0x00007ff9cf906000 	C:\WINDOWS\SYSTEM32\WINMM.dll
0x00007ff9de360000 - 0x00007ff9de3d4000 	C:\WINDOWS\System32\WS2_32.dll
0x00007ff9da400000 - 0x00007ff9da41a000 	C:\WINDOWS\SYSTEM32\kernel.appcore.dll
0x00007ff9b7ca0000 - 0x00007ff9b7caa000 	C:\Program Files\Java\jdk-17\bin\jimage.dll
0x00007ff9d85e0000 - 0x00007ff9d8821000 	C:\WINDOWS\SYSTEM32\DBGHELP.DLL
0x00007ff9dc8c0000 - 0x00007ff9dcc42000 	C:\WINDOWS\System32\combase.dll
0x00007ff9dcf30000 - 0x00007ff9dd006000 	C:\WINDOWS\System32\OLEAUT32.dll
0x00007ff9bde50000 - 0x00007ff9bde89000 	C:\WINDOWS\SYSTEM32\dbgcore.DLL
0x00007ff9db770000 - 0x00007ff9db809000 	C:\WINDOWS\System32\bcryptPrimitives.dll
0x00007ff9b6430000 - 0x00007ff9b6455000 	C:\Program Files\Java\jdk-17\bin\java.dll
0x00007ff9b6350000 - 0x00007ff9b6427000 	C:\Program Files\Java\jdk-17\bin\jsvml.dll
0x00007ff9dd840000 - 0x00007ff9ddf55000 	C:\WINDOWS\System32\SHELL32.dll
0x00007ff9db8d0000 - 0x00007ff9dba38000 	C:\WINDOWS\System32\wintypes.dll
0x00007ff9d92c0000 - 0x00007ff9d9b05000 	C:\WINDOWS\SYSTEM32\windows.storage.dll
0x00007ff9dc7d0000 - 0x00007ff9dc8bb000 	C:\WINDOWS\System32\SHCORE.dll
0x00007ff9dd7e0000 - 0x00007ff9dd83d000 	C:\WINDOWS\System32\shlwapi.dll
0x00007ff9db530000 - 0x00007ff9db55f000 	C:\WINDOWS\SYSTEM32\profapi.dll
0x00007ff9b6330000 - 0x00007ff9b6349000 	C:\Program Files\Java\jdk-17\bin\net.dll
0x00007ff9c9f70000 - 0x00007ff9ca08e000 	C:\WINDOWS\SYSTEM32\WINHTTP.dll
0x00007ff9da900000 - 0x00007ff9da96a000 	C:\WINDOWS\system32\mswsock.dll
0x00007ff9b6310000 - 0x00007ff9b6326000 	C:\Program Files\Java\jdk-17\bin\nio.dll
0x00007ff9b62f0000 - 0x00007ff9b6308000 	C:\Program Files\Java\jdk-17\bin\zip.dll
0x00007ff9b7d10000 - 0x00007ff9b7d20000 	C:\Program Files\Java\jdk-17\bin\verify.dll
0x00007ff9b76d0000 - 0x00007ff9b76da000 	C:\Program Files\Java\jdk-17\bin\management.dll
0x00007ff9b7220000 - 0x00007ff9b722b000 	C:\Program Files\Java\jdk-17\bin\management_ext.dll
0x00007ff9bf5a0000 - 0x00007ff9bf5c7000 	C:\Users\LENOVO\.gradle\native\1def1411415f61bf3af743bc5b6707747c0891f09f0c88961ee8f79bc544acac\windows-amd64\native-platform.dll
0x00007ff9c8c30000 - 0x00007ff9c8c3a000 	C:\Users\LENOVO\.gradle\native\jansi\1.18\windows64\jansi.dll
0x00007ff9dad20000 - 0x00007ff9dad3c000 	C:\WINDOWS\SYSTEM32\CRYPTSP.dll
0x00007ff9da360000 - 0x00007ff9da39a000 	C:\WINDOWS\system32\rsaenh.dll
0x00007ff9da9a0000 - 0x00007ff9da9cb000 	C:\WINDOWS\SYSTEM32\USERENV.dll
0x00007ff9daf50000 - 0x00007ff9daf76000 	C:\WINDOWS\SYSTEM32\bcrypt.dll
0x00007ff9dab30000 - 0x00007ff9dab3c000 	C:\WINDOWS\SYSTEM32\CRYPTBASE.dll
0x00007ff9d9e20000 - 0x00007ff9d9e53000 	C:\WINDOWS\SYSTEM32\IPHLPAPI.DLL
0x00007ff9dd010000 - 0x00007ff9dd01a000 	C:\WINDOWS\System32\NSI.dll
0x00007ff9c9f40000 - 0x00007ff9c9f5f000 	C:\WINDOWS\SYSTEM32\dhcpcsvc6.DLL
0x00007ff9c9f10000 - 0x00007ff9c9f35000 	C:\WINDOWS\SYSTEM32\dhcpcsvc.DLL
0x00007ff9d9eb0000 - 0x00007ff9d9fd5000 	C:\WINDOWS\SYSTEM32\DNSAPI.dll
0x00007ff9b62e0000 - 0x00007ff9b62ee000 	C:\Program Files\Java\jdk-17\bin\sunmscapi.dll
0x00007ff9dbc30000 - 0x00007ff9dbda7000 	C:\WINDOWS\System32\CRYPT32.dll
0x00007ff9daf10000 - 0x00007ff9daf40000 	C:\WINDOWS\SYSTEM32\ncrypt.dll
0x00007ff9daec0000 - 0x00007ff9daeff000 	C:\WINDOWS\SYSTEM32\NTASN1.dll
0x00007ff9928c0000 - 0x00007ff9928c8000 	C:\WINDOWS\system32\wshunix.dll

dbghelp: loaded successfully - version: 4.0.5 - missing functions: none
symbol engine: initialized successfully - sym options: 0x614 - pdb path: .;C:\Program Files\Java\jdk-17\bin;C:\WINDOWS\SYSTEM32;C:\WINDOWS\WinSxS\amd64_microsoft.windows.common-controls_6595b64144ccf1df_6.0.26100.3323_none_3e088096e3344490;C:\Program Files\Java\jdk-17\bin\server;C:\Users\LENOVO\.gradle\native\1def1411415f61bf3af743bc5b6707747c0891f09f0c88961ee8f79bc544acac\windows-amd64;C:\Users\LENOVO\.gradle\native\jansi\1.18\windows64

VM Arguments:
jvm_args: -Xmx64m -Xms64m -Dorg.gradle.appname=gradlew 
java_command: org.gradle.wrapper.GradleWrapperMain app:installDebug -PreactNativeDevServerPort=8081
java_class_path (initial): D:\ReactNativeLearning\Portfolio\android\\gradle\wrapper\gradle-wrapper.jar
Launcher Type: SUN_STANDARD

[Global flags]
     intx CICompilerCount                          = 4                                         {product} {ergonomic}
     uint ConcGCThreads                            = 2                                         {product} {ergonomic}
     uint G1ConcRefinementThreads                  = 8                                         {product} {ergonomic}
   size_t G1HeapRegionSize                         = 1048576                                   {product} {ergonomic}
    uintx GCDrainStackTargetSize                   = 64                                        {product} {ergonomic}
   size_t InitialHeapSize                          = 67108864                                  {product} {command line}
   size_t MarkStackSize                            = 4194304                                   {product} {ergonomic}
   size_t MaxHeapSize                              = 67108864                                  {product} {command line}
   size_t MaxNewSize                               = 39845888                                  {product} {ergonomic}
   size_t MinHeapDeltaBytes                        = 1048576                                   {product} {ergonomic}
   size_t MinHeapSize                              = 67108864                                  {product} {command line}
    uintx NonNMethodCodeHeapSize                   = 5839372                                {pd product} {ergonomic}
    uintx NonProfiledCodeHeapSize                  = 122909434                              {pd product} {ergonomic}
    uintx ProfiledCodeHeapSize                     = 122909434                              {pd product} {ergonomic}
    uintx ReservedCodeCacheSize                    = 251658240                              {pd product} {ergonomic}
     bool SegmentedCodeCache                       = true                                      {product} {ergonomic}
   size_t SoftMaxHeapSize                          = 67108864                               {manageable} {ergonomic}
     bool UseCompressedClassPointers               = true                           {product lp64_product} {ergonomic}
     bool UseCompressedOops                        = true                           {product lp64_product} {ergonomic}
     bool UseG1GC                                  = true                                      {product} {ergonomic}
     bool UseLargePagesIndividualAllocation        = false                                  {pd product} {ergonomic}

Logging:
Log output configuration:
 #0: stdout all=warning uptime,level,tags
 #1: stderr all=off uptime,level,tags

Environment Variables:
JAVA_HOME=C:\Program Files\Java\jdk-17
CLASSPATH=D:\ReactNativeLearning\Portfolio\android\\gradle\wrapper\gradle-wrapper.jar
PATH=D:\ReactNativeLearning\Portfolio\node_modules\.bin;D:\ReactNativeLearning\Portfolio\node_modules\.bin;D:\ReactNativeLearning\node_modules\.bin;D:\node_modules\.bin;C:\Users\LENOVO\AppData\Roaming\npm\node_modules\npm\node_modules\@npmcli\run-script\lib\node-gyp-bin;C:\Program Files\Common Files\Oracle\Java\javapath;c:\Users\LENOVO\AppData\Local\Programs\cursor\resources\app\bin;C:\Program Files\Python38\Scripts\;C:\Program Files\Python38\;C:\Windows\system32;C:\Windows;C:\Windows\System32\Wbem;C:\Windows\System32\WindowsPowerShell\v1.0\;C:\Windows\System32\OpenSSH\;C:\Program Files (x86)\NVIDIA Corporation\PhysX\Common;C:\WINDOWS\system32;C:\WINDOWS;C:\WINDOWS\System32\Wbem;C:\WINDOWS\System32\WindowsPowerShell\v1.0\;C:\WINDOWS\System32\OpenSSH\;C:\MinGW\bin;C:\Program Files\Python38;C:\Program Files\Git\cmd;C:\Users\LENOVO\anaconda3;C:\Users\LENOVO\anaconda3\Library\mingw-w64\bin;C:\Users\LENOVO\anaconda3\Library\usr\bin;C:\Users\LENOVO\anaconda3\Library\bin;C:\Users\LENOVO\anaconda3\Scripts;C:\Users\LENOVO\AppData\Local\Programs\Python\Launcher\;C:\Users\LENOVO\AppData\Local\Microsoft\WindowsApps;C:\MinGW\msys\1.0\bin;C:\WINDOWS\system32;C:\WINDOWS;C:\WINDOWS\System32\Wbem;C:\WINDOWS\System32\WindowsPowerShell\v1.0\;C:\WINDOWS\System32\OpenSSH\;C:\Program Files\nodejs;C:\Users\LENOVO\AppData\Local\Android\Sdk\platform-tools;C:\Program Files\Java\jdk-17\bin;C:\Program Files\dotnet\;C:\Users\LENOVO\AppData\Local\Microsoft\WindowsApps;C:\MinGW\bin;C:\MinGW\msys\1.0\bin;C:\Users\LENOVO\AppData\Local\JetBrains\Toolbox\scripts;C:\Program Files;C:\xampp\php;C:\Program Files\JetBrains\IntelliJ IDEA Community Edition 2024.2.1\bin;;C:\Users\LENOVO\AppData\Local\Programs\Microsoft VS Code\bin;C:\Users\LENOVO\AppData\Local\Microsoft\WindowsApps;C:\Users\LENOVO\AppData\Roaming\npm;C:\Users\LENOVO\.dotnet\tools;C:\Users\LENOVO\AppData\Local\Android\Sdk\platform-tools;
USERNAME=Chhotu
OS=Windows_NT
PROCESSOR_IDENTIFIER=Intel64 Family 6 Model 140 Stepping 1, GenuineIntel



---------------  S Y S T E M  ---------------

OS:
 Windows 11 , 64 bit Build 26100 (10.0.26100.3323)
OS uptime: 0 days 2:54 hours
Hyper-V role detected

CPU: total 8 (initial active 8) (4 cores per cpu, 2 threads per core) family 6 model 140 stepping 1 microcode 0xaa, cx8, cmov, fxsr, ht, mmx, 3dnowpref, sse, sse2, sse3, ssse3, sse4.1, sse4.2, popcnt, lzcnt, tsc, tscinvbit, avx, avx2, aes, erms, clmul, bmi1, bmi2, adx, avx512f, avx512dq, avx512cd, avx512bw, avx512vl, sha, fma, vzeroupper, avx512_vpopcntdq, avx512_vpclmulqdq, avx512_vaes, avx512_vnni, clflush, clflushopt, clwb, avx512_vbmi2, avx512_vbmi, hv

Memory: 4k page, system-wide physical 7975M (508M free)
TotalPageFile size 17151M (AvailPageFile size 5M)
current process WorkingSet (physical memory assigned to process): 104M, peak: 114M
current process commit charge ("private bytes"): 168M, peak: 176M

vm_info: Java HotSpot(TM) 64-Bit Server VM (17.0.12+8-LTS-286) for windows-amd64 JRE (17.0.12+8-LTS-286), built on Jun  5 2024 06:46:59 by "mach5one" with MS VC++ 17.6 (VS2022)

END.
