#
# There is insufficient memory for the Java Runtime Environment to continue.
# Native memory allocation (malloc) failed to allocate 32744 bytes for ChunkPool::allocate
# Possible reasons:
#   The system is out of physical RAM or swap space
#   The process is running with CompressedOops enabled, and the Java Heap may be blocking the growth of the native heap
# Possible solutions:
#   Reduce memory load on the system
#   Increase physical memory or swap space
#   Check if swap backing store is full
#   Decrease Java heap size (-Xmx/-Xms)
#   Decrease number of Java threads
#   Decrease Java thread stack sizes (-Xss)
#   Set larger code cache with -XX:ReservedCodeCacheSize=
#   JVM is running with Unscaled Compressed Oops mode in which the Java heap is
#     placed in the first 4GB address space. The Java Heap base address is the
#     maximum limit for the native heap growth. Please use -XX:HeapBaseMinAddress
#     to set the Java Heap base and to place the Java Heap above 4GB virtual address.
# This output file may be truncated or incomplete.
#
#  Out of Memory Error (arena.cpp:78), pid=13240, tid=19824
#
# JRE version: Java(TM) SE Runtime Environment (17.0.12+8) (build 17.0.12+8-LTS-286)
# Java VM: Java HotSpot(TM) 64-Bit Server VM (17.0.12+8-LTS-286, mixed mode, sharing, tiered, compressed oops, compressed class ptrs, g1 gc, windows-amd64)
# No core dump will be written. Minidumps are not enabled by default on client versions of Windows
#

---------------  S U M M A R Y ------------

Command Line: -Xmx64m -Xms64m -Dorg.gradle.appname=gradlew org.gradle.wrapper.GradleWrapperMain app:installDebug -PreactNativeDevServerPort=8081

Host: 11th Gen Intel(R) Core(TM) i5-11300H @ 3.10GHz, 8 cores, 7G,  Windows 11 , 64 bit Build 26100 (10.0.26100.3323)
Time: Thu Mar 13 18:58:32 2025 India Standard Time elapsed time: 204.732180 seconds (0d 0h 3m 24s)

---------------  T H R E A D  ---------------

Current thread (0x000001cd50b34d40):  JavaThread "C2 CompilerThread0" daemon [_thread_in_native, id=19824, stack(0x000000c4a6600000,0x000000c4a6700000)]


Current CompileTask:
C2: 204732 2165       4      
[error occurred during error reporting (printing current compile task), id 0xe0000001, Out of Memory Error (s\open\src\hotspot\share\memory\arena.cpp:78)]

Stack: [0x000000c4a6600000,0x000000c4a6700000]
Native frames: (J=compiled Java code, j=interpreted, Vv=VM code, C=native code)
V  [jvm.dll+0x67a04a]
V  [jvm.dll+0x7da4ed]
V  [jvm.dll+0x7dbe33]
V  [jvm.dll+0x7dc4a3]
V  [jvm.dll+0x24508f]
V  [jvm.dll+0xab9a4]
V  [jvm.dll+0xabd3c]
V  [jvm.dll+0x74786c]
V  [jvm.dll+0x747959]
V  [jvm.dll+0x62f9e9]
V  [jvm.dll+0x22b4b6]
V  [jvm.dll+0x7da388]
V  [jvm.dll+0x7dbe33]
V  [jvm.dll+0x7dc4a3]
V  [jvm.dll+0x24508f]
V  [jvm.dll+0xab9a4]
V  [jvm.dll+0xabd3c]
V  [jvm.dll+0x11e255]
V  [jvm.dll+0x21f3c3]
V  [jvm.dll+0x21837b]
V  [jvm.dll+0x215b65]
V  [jvm.dll+0x1a2960]
V  [jvm.dll+0x22610b]
V  [jvm.dll+0x2242ab]
V  [jvm.dll+0x79075c]
V  [jvm.dll+0x78abea]
V  [jvm.dll+0x678f35]
C  [ucrtbase.dll+0x37b0]
C  [KERNEL32.DLL+0x2e8d7]
C  [ntdll.dll+0xbbf6c]


---------------  P R O C E S S  ---------------

Threads class SMR info:
_java_thread_list=0x000001cd97598ac0, length=13, elements={
0x000001cd3514ba90, 0x000001cd374555f0, 0x000001cd374561b0, 0x000001cd3746d9a0,
0x000001cd3746e460, 0x000001cd50b2ffc0, 0x000001cd50b30890, 0x000001cd50b34d40,
0x000001cd50b38f50, 0x000001cd50b3a870, 0x000001cd96078ac0, 0x000001cd9607fe40,
0x000001cd96c6d620
}

Java Threads: ( => current thread )
  0x000001cd3514ba90 JavaThread "main" [_thread_in_native, id=13340, stack(0x000000c4a5900000,0x000000c4a5a00000)]
  0x000001cd374555f0 JavaThread "Reference Handler" daemon [_thread_blocked, id=10416, stack(0x000000c4a6000000,0x000000c4a6100000)]
  0x000001cd374561b0 JavaThread "Finalizer" daemon [_thread_blocked, id=14460, stack(0x000000c4a6100000,0x000000c4a6200000)]
  0x000001cd3746d9a0 JavaThread "Signal Dispatcher" daemon [_thread_blocked, id=6800, stack(0x000000c4a6200000,0x000000c4a6300000)]
  0x000001cd3746e460 JavaThread "Attach Listener" daemon [_thread_blocked, id=14332, stack(0x000000c4a6300000,0x000000c4a6400000)]
  0x000001cd50b2ffc0 JavaThread "Service Thread" daemon [_thread_blocked, id=6712, stack(0x000000c4a6400000,0x000000c4a6500000)]
  0x000001cd50b30890 JavaThread "Monitor Deflation Thread" daemon [_thread_blocked, id=17112, stack(0x000000c4a6500000,0x000000c4a6600000)]
=>0x000001cd50b34d40 JavaThread "C2 CompilerThread0" daemon [_thread_in_native, id=19824, stack(0x000000c4a6600000,0x000000c4a6700000)]
  0x000001cd50b38f50 JavaThread "C1 CompilerThread0" daemon [_thread_blocked, id=16420, stack(0x000000c4a6700000,0x000000c4a6800000)]
  0x000001cd50b3a870 JavaThread "Sweeper thread" daemon [_thread_blocked, id=19408, stack(0x000000c4a6800000,0x000000c4a6900000)]
  0x000001cd96078ac0 JavaThread "Notification Thread" daemon [_thread_blocked, id=14888, stack(0x000000c4a6900000,0x000000c4a6a00000)]
  0x000001cd9607fe40 JavaThread "Common-Cleaner" daemon [_thread_blocked, id=4944, stack(0x000000c4a6b00000,0x000000c4a6c00000)]
  0x000001cd96c6d620 JavaThread "pool-1-thread-1" [_thread_blocked, id=13456, stack(0x000000c4a7100000,0x000000c4a7200000)]

Other Threads:
  0x000001cd3744ffa0 VMThread "VM Thread" [stack: 0x000000c4a5f00000,0x000000c4a6000000] [id=3060]
  0x000001cd9607b1c0 WatcherThread [stack: 0x000000c4a6a00000,0x000000c4a6b00000] [id=14292]
  0x000001cd373c2f10 GCTaskThread "GC Thread#0" [stack: 0x000000c4a5a00000,0x000000c4a5b00000] [id=19420]
  0x000001cd96895080 GCTaskThread "GC Thread#1" [stack: 0x000000c4a6e00000,0x000000c4a6f00000] [id=1392]
  0x000001cd96742170 GCTaskThread "GC Thread#2" [stack: 0x000000c4a6f00000,0x000000c4a7000000] [id=13164]
  0x000001cd966c1e40 GCTaskThread "GC Thread#3" [stack: 0x000000c4a7000000,0x000000c4a7100000] [id=7468]
  0x000001cd96c60fd0 GCTaskThread "GC Thread#4" [stack: 0x000000c4a6d00000,0x000000c4a6e00000] [id=18792]
  0x000001cd96c61550 GCTaskThread "GC Thread#5" [stack: 0x000000c4a7200000,0x000000c4a7300000] [id=14688]
  0x000001cd96c60210 GCTaskThread "GC Thread#6" [stack: 0x000000c4a7300000,0x000000c4a7400000] [id=11064]
  0x000001cd373c4660 ConcurrentGCThread "G1 Main Marker" [stack: 0x000000c4a5b00000,0x000000c4a5c00000] [id=20280]
  0x000001cd373c6d50 ConcurrentGCThread "G1 Conc#0" [stack: 0x000000c4a5c00000,0x000000c4a5d00000] [id=2428]
  0x000001cd3742de40 ConcurrentGCThread "G1 Refine#0" [stack: 0x000000c4a5d00000,0x000000c4a5e00000] [id=19460]
  0x000001cd3742e710 ConcurrentGCThread "G1 Service" [stack: 0x000000c4a5e00000,0x000000c4a5f00000] [id=17104]

Threads with active compile tasks:
C2 CompilerThread0   204784 2165       4       org.gradle.internal.logging.console.MultiLineBuildProgressArea::redraw (203 bytes)

VM state: not at safepoint (normal execution)

VM Mutex/Monitor currently owned by a thread: None

Heap address: 0x00000000fc000000, size: 64 MB, Compressed Oops mode: 32-bit

CDS archive(s) mapped at: [0x000001cd51000000-0x000001cd51bd0000-0x000001cd51bd0000), size 12386304, SharedBaseAddress: 0x000001cd51000000, ArchiveRelocationMode: 1.
Compressed class space mapped at: 0x000001cd52000000-0x000001cd92000000, reserved size: 1073741824
Narrow klass base: 0x000001cd51000000, Narrow klass shift: 0, Narrow klass range: 0x100000000

GC Precious Log:
 CPUs: 8 total, 8 available
 Memory: 7975M
 Large Page Support: Disabled
 NUMA Support: Disabled
 Compressed Oops: Enabled (32-bit)
 Heap Region Size: 1M
 Heap Min Capacity: 64M
 Heap Initial Capacity: 64M
 Heap Max Capacity: 64M
 Pre-touch: Disabled
 Parallel Workers: 8
 Concurrent Workers: 2
 Concurrent Refinement Workers: 8
 Periodic GC: Disabled

Heap:
 garbage-first heap   total 65536K, used 28932K [0x00000000fc000000, 0x0000000100000000)
  region size 1024K, 22 young (22528K), 4 survivors (4096K)
 Metaspace       used 10705K, committed 10944K, reserved 1114112K
  class space    used 1379K, committed 1536K, reserved 1048576K

Heap Regions: E=young(eden), S=young(survivor), O=old, HS=humongous(starts), HC=humongous(continues), CS=collection set, F=free, OA=open archive, CA=closed archive, TAMS=top-at-mark-start (previous, next)
|   0|0x00000000fc000000, 0x00000000fc100000, 0x00000000fc100000|100%| O|  |TAMS 0x00000000fc000000, 0x00000000fc000000| Untracked 
|   1|0x00000000fc100000, 0x00000000fc200000, 0x00000000fc200000|100%|HS|  |TAMS 0x00000000fc100000, 0x00000000fc100000| Complete 
|   2|0x00000000fc200000, 0x00000000fc300000, 0x00000000fc300000|100%|HC|  |TAMS 0x00000000fc200000, 0x00000000fc200000| Complete 
|   3|0x00000000fc300000, 0x00000000fc400000, 0x00000000fc400000|100%|HC|  |TAMS 0x00000000fc300000, 0x00000000fc300000| Complete 
|   4|0x00000000fc400000, 0x00000000fc500000, 0x00000000fc500000|100%| O|  |TAMS 0x00000000fc400000, 0x00000000fc400000| Untracked 
|   5|0x00000000fc500000, 0x00000000fc600000, 0x00000000fc600000|100%| O|  |TAMS 0x00000000fc500000, 0x00000000fc500000| Untracked 
|   6|0x00000000fc600000, 0x00000000fc700000, 0x00000000fc700000|100%| O|  |TAMS 0x00000000fc600000, 0x00000000fc600000| Untracked 
|   7|0x00000000fc700000, 0x00000000fc741000, 0x00000000fc800000| 25%| O|  |TAMS 0x00000000fc700000, 0x00000000fc700000| Untracked 
|   8|0x00000000fc800000, 0x00000000fc800000, 0x00000000fc900000|  0%| F|  |TAMS 0x00000000fc800000, 0x00000000fc800000| Untracked 
|   9|0x00000000fc900000, 0x00000000fc900000, 0x00000000fca00000|  0%| F|  |TAMS 0x00000000fc900000, 0x00000000fc900000| Untracked 
|  10|0x00000000fca00000, 0x00000000fca00000, 0x00000000fcb00000|  0%| F|  |TAMS 0x00000000fca00000, 0x00000000fca00000| Untracked 
|  11|0x00000000fcb00000, 0x00000000fcb00000, 0x00000000fcc00000|  0%| F|  |TAMS 0x00000000fcb00000, 0x00000000fcb00000| Untracked 
|  12|0x00000000fcc00000, 0x00000000fcc00000, 0x00000000fcd00000|  0%| F|  |TAMS 0x00000000fcc00000, 0x00000000fcc00000| Untracked 
|  13|0x00000000fcd00000, 0x00000000fcd00000, 0x00000000fce00000|  0%| F|  |TAMS 0x00000000fcd00000, 0x00000000fcd00000| Untracked 
|  14|0x00000000fce00000, 0x00000000fce00000, 0x00000000fcf00000|  0%| F|  |TAMS 0x00000000fce00000, 0x00000000fce00000| Untracked 
|  15|0x00000000fcf00000, 0x00000000fcf00000, 0x00000000fd000000|  0%| F|  |TAMS 0x00000000fcf00000, 0x00000000fcf00000| Untracked 
|  16|0x00000000fd000000, 0x00000000fd000000, 0x00000000fd100000|  0%| F|  |TAMS 0x00000000fd000000, 0x00000000fd000000| Untracked 
|  17|0x00000000fd100000, 0x00000000fd100000, 0x00000000fd200000|  0%| F|  |TAMS 0x00000000fd100000, 0x00000000fd100000| Untracked 
|  18|0x00000000fd200000, 0x00000000fd200000, 0x00000000fd300000|  0%| F|  |TAMS 0x00000000fd200000, 0x00000000fd200000| Untracked 
|  19|0x00000000fd300000, 0x00000000fd300000, 0x00000000fd400000|  0%| F|  |TAMS 0x00000000fd300000, 0x00000000fd300000| Untracked 
|  20|0x00000000fd400000, 0x00000000fd400000, 0x00000000fd500000|  0%| F|  |TAMS 0x00000000fd400000, 0x00000000fd400000| Untracked 
|  21|0x00000000fd500000, 0x00000000fd500000, 0x00000000fd600000|  0%| F|  |TAMS 0x00000000fd500000, 0x00000000fd500000| Untracked 
|  22|0x00000000fd600000, 0x00000000fd600000, 0x00000000fd700000|  0%| F|  |TAMS 0x00000000fd600000, 0x00000000fd600000| Untracked 
|  23|0x00000000fd700000, 0x00000000fd700000, 0x00000000fd800000|  0%| F|  |TAMS 0x00000000fd700000, 0x00000000fd700000| Untracked 
|  24|0x00000000fd800000, 0x00000000fd800000, 0x00000000fd900000|  0%| F|  |TAMS 0x00000000fd800000, 0x00000000fd800000| Untracked 
|  25|0x00000000fd900000, 0x00000000fd900000, 0x00000000fda00000|  0%| F|  |TAMS 0x00000000fd900000, 0x00000000fd900000| Untracked 
|  26|0x00000000fda00000, 0x00000000fda00000, 0x00000000fdb00000|  0%| F|  |TAMS 0x00000000fda00000, 0x00000000fda00000| Untracked 
|  27|0x00000000fdb00000, 0x00000000fdb00000, 0x00000000fdc00000|  0%| F|  |TAMS 0x00000000fdb00000, 0x00000000fdb00000| Untracked 
|  28|0x00000000fdc00000, 0x00000000fdc00000, 0x00000000fdd00000|  0%| F|  |TAMS 0x00000000fdc00000, 0x00000000fdc00000| Untracked 
|  29|0x00000000fdd00000, 0x00000000fde00000, 0x00000000fde00000|100%| S|CS|TAMS 0x00000000fdd00000, 0x00000000fdd00000| Complete 
|  30|0x00000000fde00000, 0x00000000fdf00000, 0x00000000fdf00000|100%| S|CS|TAMS 0x00000000fde00000, 0x00000000fde00000| Complete 
|  31|0x00000000fdf00000, 0x00000000fe000000, 0x00000000fe000000|100%| S|CS|TAMS 0x00000000fdf00000, 0x00000000fdf00000| Complete 
|  32|0x00000000fe000000, 0x00000000fe100000, 0x00000000fe100000|100%| S|CS|TAMS 0x00000000fe000000, 0x00000000fe000000| Complete 
|  33|0x00000000fe100000, 0x00000000fe100000, 0x00000000fe200000|  0%| F|  |TAMS 0x00000000fe100000, 0x00000000fe100000| Untracked 
|  34|0x00000000fe200000, 0x00000000fe200000, 0x00000000fe300000|  0%| F|  |TAMS 0x00000000fe200000, 0x00000000fe200000| Untracked 
|  35|0x00000000fe300000, 0x00000000fe300000, 0x00000000fe400000|  0%| F|  |TAMS 0x00000000fe300000, 0x00000000fe300000| Untracked 
|  36|0x00000000fe400000, 0x00000000fe400000, 0x00000000fe500000|  0%| F|  |TAMS 0x00000000fe400000, 0x00000000fe400000| Untracked 
|  37|0x00000000fe500000, 0x00000000fe500000, 0x00000000fe600000|  0%| F|  |TAMS 0x00000000fe500000, 0x00000000fe500000| Untracked 
|  38|0x00000000fe600000, 0x00000000fe600000, 0x00000000fe700000|  0%| F|  |TAMS 0x00000000fe600000, 0x00000000fe600000| Untracked 
|  39|0x00000000fe700000, 0x00000000fe700000, 0x00000000fe800000|  0%| F|  |TAMS 0x00000000fe700000, 0x00000000fe700000| Untracked 
|  40|0x00000000fe800000, 0x00000000fe800000, 0x00000000fe900000|  0%| F|  |TAMS 0x00000000fe800000, 0x00000000fe800000| Untracked 
|  41|0x00000000fe900000, 0x00000000fe900000, 0x00000000fea00000|  0%| F|  |TAMS 0x00000000fe900000, 0x00000000fe900000| Untracked 
|  42|0x00000000fea00000, 0x00000000fea00000, 0x00000000feb00000|  0%| F|  |TAMS 0x00000000fea00000, 0x00000000fea00000| Untracked 
|  43|0x00000000feb00000, 0x00000000feb00000, 0x00000000fec00000|  0%| F|  |TAMS 0x00000000feb00000, 0x00000000feb00000| Untracked 
|  44|0x00000000fec00000, 0x00000000fec00000, 0x00000000fed00000|  0%| F|  |TAMS 0x00000000fec00000, 0x00000000fec00000| Untracked 
|  45|0x00000000fed00000, 0x00000000fed00000, 0x00000000fee00000|  0%| F|  |TAMS 0x00000000fed00000, 0x00000000fed00000| Untracked 
|  46|0x00000000fee00000, 0x00000000feed0420, 0x00000000fef00000| 81%| E|  |TAMS 0x00000000fee00000, 0x00000000fee00000| Complete 
|  47|0x00000000fef00000, 0x00000000ff000000, 0x00000000ff000000|100%| E|CS|TAMS 0x00000000fef00000, 0x00000000fef00000| Complete 
|  48|0x00000000ff000000, 0x00000000ff100000, 0x00000000ff100000|100%| E|CS|TAMS 0x00000000ff000000, 0x00000000ff000000| Complete 
|  49|0x00000000ff100000, 0x00000000ff200000, 0x00000000ff200000|100%| E|CS|TAMS 0x00000000ff100000, 0x00000000ff100000| Complete 
|  50|0x00000000ff200000, 0x00000000ff300000, 0x00000000ff300000|100%| E|CS|TAMS 0x00000000ff200000, 0x00000000ff200000| Complete 
|  51|0x00000000ff300000, 0x00000000ff400000, 0x00000000ff400000|100%| E|CS|TAMS 0x00000000ff300000, 0x00000000ff300000| Complete 
|  52|0x00000000ff400000, 0x00000000ff500000, 0x00000000ff500000|100%| E|CS|TAMS 0x00000000ff400000, 0x00000000ff400000| Complete 
|  53|0x00000000ff500000, 0x00000000ff600000, 0x00000000ff600000|100%| E|CS|TAMS 0x00000000ff500000, 0x00000000ff500000| Complete 
|  54|0x00000000ff600000, 0x00000000ff700000, 0x00000000ff700000|100%| E|CS|TAMS 0x00000000ff600000, 0x00000000ff600000| Complete 
|  55|0x00000000ff700000, 0x00000000ff800000, 0x00000000ff800000|100%| E|CS|TAMS 0x00000000ff700000, 0x00000000ff700000| Complete 
|  56|0x00000000ff800000, 0x00000000ff900000, 0x00000000ff900000|100%| E|CS|TAMS 0x00000000ff800000, 0x00000000ff800000| Complete 
|  57|0x00000000ff900000, 0x00000000ffa00000, 0x00000000ffa00000|100%| E|CS|TAMS 0x00000000ff900000, 0x00000000ff900000| Complete 
|  58|0x00000000ffa00000, 0x00000000ffb00000, 0x00000000ffb00000|100%| E|CS|TAMS 0x00000000ffa00000, 0x00000000ffa00000| Complete 
|  59|0x00000000ffb00000, 0x00000000ffc00000, 0x00000000ffc00000|100%| E|CS|TAMS 0x00000000ffb00000, 0x00000000ffb00000| Complete 
|  60|0x00000000ffc00000, 0x00000000ffd00000, 0x00000000ffd00000|100%| E|CS|TAMS 0x00000000ffc00000, 0x00000000ffc00000| Complete 
|  61|0x00000000ffd00000, 0x00000000ffe00000, 0x00000000ffe00000|100%| E|CS|TAMS 0x00000000ffd00000, 0x00000000ffd00000| Complete 
|  62|0x00000000ffe00000, 0x00000000fff00000, 0x00000000fff00000|100%| E|CS|TAMS 0x00000000ffe00000, 0x00000000ffe00000| Complete 
|  63|0x00000000fff00000, 0x0000000100000000, 0x0000000100000000|100%| E|CS|TAMS 0x00000000fff00000, 0x00000000fff00000| Complete 

Card table byte_map: [0x000001cd35340000,0x000001cd35360000] _byte_map_base: 0x000001cd34b60000

Marking Bits (Prev, Next): (CMBitMap*) 0x000001cd373c3530, (CMBitMap*) 0x000001cd373c3570
 Prev Bits: [0x000001cd4df90000, 0x000001cd4e090000)
 Next Bits: [0x000001cd4e090000, 0x000001cd4e190000)

Polling page: 0x000001cd352e0000

Metaspace:

Usage:
  Non-class:      9.11 MB used.
      Class:      1.35 MB used.
       Both:     10.45 MB used.

Virtual space:
  Non-class space:       64.00 MB reserved,       9.19 MB ( 14%) committed,  1 nodes.
      Class space:        1.00 GB reserved,       1.50 MB ( <1%) committed,  1 nodes.
             Both:        1.06 GB reserved,      10.69 MB ( <1%) committed. 

Chunk freelists:
   Non-Class:  6.22 MB
       Class:  14.44 MB
        Both:  20.66 MB

MaxMetaspaceSize: unlimited
CompressedClassSpaceSize: 1.00 GB
Initial GC threshold: 21.00 MB
Current GC threshold: 21.00 MB
CDS: on
MetaspaceReclaimPolicy: balanced
 - commit_granule_bytes: 65536.
 - commit_granule_words: 8192.
 - virtual_space_node_default_size: 8388608.
 - enlarge_chunks_in_place: 1.
 - new_chunks_are_fully_committed: 0.
 - uncommit_free_chunks: 1.
 - use_allocation_guard: 0.
 - handle_deallocations: 1.


Internal statistics:

num_allocs_failed_limit: 0.
num_arena_births: 86.
num_arena_deaths: 0.
num_vsnodes_births: 2.
num_vsnodes_deaths: 0.
num_space_committed: 171.
num_space_uncommitted: 0.
num_chunks_returned_to_freelist: 0.
num_chunks_taken_from_freelist: 375.
num_chunk_merges: 0.
num_chunk_splits: 248.
num_chunks_enlarged: 199.
num_inconsistent_stats: 0.

CodeHeap 'non-profiled nmethods': size=120000Kb used=1035Kb max_used=1035Kb free=118964Kb
 bounds [0x000001cd46730000, 0x000001cd469a0000, 0x000001cd4dc60000]
CodeHeap 'profiled nmethods': size=120000Kb used=4101Kb max_used=4101Kb free=115898Kb
 bounds [0x000001cd3ec60000, 0x000001cd3f070000, 0x000001cd46190000]
CodeHeap 'non-nmethods': size=5760Kb used=1197Kb max_used=1233Kb free=4562Kb
 bounds [0x000001cd46190000, 0x000001cd46400000, 0x000001cd46730000]
 total_blobs=2651 nmethods=2164 adapters=400
 compilation: enabled
              stopped_count=0, restarted_count=0
 full_count=0

Compilation events (20 events):
Event: 187.079 Thread 0x000001cd50b34d40 nmethod 2155 0x000001cd46825810 code [0x000001cd46825d40, 0x000001cd4682b280]
Event: 190.869 Thread 0x000001cd50b38f50 2156       3       com.google.common.base.Predicates$InstanceOfPredicate::<init> (6 bytes)
Event: 190.870 Thread 0x000001cd50b38f50 nmethod 2156 0x000001cd3f060090 code [0x000001cd3f060260, 0x000001cd3f0605e8]
Event: 190.870 Thread 0x000001cd50b38f50 2157       3       com.google.common.base.Predicates$InstanceOfPredicate::<init> (16 bytes)
Event: 190.870 Thread 0x000001cd50b38f50 nmethod 2157 0x000001cd3f060790 code [0x000001cd3f060940, 0x000001cd3f060c68]
Event: 196.149 Thread 0x000001cd50b34d40 2158       4       org.gradle.internal.operations.OperationIdentifier::equals (47 bytes)
Event: 196.150 Thread 0x000001cd50b34d40 nmethod 2158 0x000001cd4682f690 code [0x000001cd4682f800, 0x000001cd4682f8d8]
Event: 196.170 Thread 0x000001cd50b34d40 2159       4       java.util.ArrayList::remove (26 bytes)
Event: 196.172 Thread 0x000001cd50b34d40 nmethod 2159 0x000001cd4682f990 code [0x000001cd4682fb20, 0x000001cd4682fd58]
Event: 196.172 Thread 0x000001cd50b34d40 2160       4       java.util.ArrayList::fastRemove (44 bytes)
Event: 196.174 Thread 0x000001cd50b34d40 nmethod 2160 0x000001cd4682ff10 code [0x000001cd46830080, 0x000001cd46830238]
Event: 196.243 Thread 0x000001cd50b34d40 2161   !   4       org.gradle.internal.logging.console.ThrottlingOutputEventListener::onOutput (85 bytes)
Event: 196.267 Thread 0x000001cd50b34d40 nmethod 2161 0x000001cd46830390 code [0x000001cd468305a0, 0x000001cd46831098]
Event: 196.310 Thread 0x000001cd50b34d40 2162       4       java.util.HashMap::removeNode (291 bytes)
Event: 196.330 Thread 0x000001cd50b34d40 nmethod 2162 0x000001cd46831790 code [0x000001cd46831960, 0x000001cd468323f8]
Event: 196.330 Thread 0x000001cd50b34d40 2163       4       java.util.HashMap::remove (26 bytes)
Event: 196.332 Thread 0x000001cd50b34d40 nmethod 2163 0x000001cd46832990 code [0x000001cd46832b20, 0x000001cd46832c68]
Event: 202.979 Thread 0x000001cd50b38f50 2164       3       com.google.common.collect.Lists::newArrayList (28 bytes)
Event: 202.980 Thread 0x000001cd50b38f50 nmethod 2164 0x000001cd3f060d90 code [0x000001cd3f060f80, 0x000001cd3f061498]
Event: 204.683 Thread 0x000001cd50b34d40 2165       4       org.gradle.internal.logging.console.MultiLineBuildProgressArea::redraw (203 bytes)

GC Heap History (4 events):
Event: 0.998 GC heap before
{Heap before GC invocations=0 (full 0):
 garbage-first heap   total 65536K, used 22528K [0x00000000fc000000, 0x0000000100000000)
  region size 1024K, 23 young (23552K), 0 survivors (0K)
 Metaspace       used 1822K, committed 1920K, reserved 1114112K
  class space    used 159K, committed 192K, reserved 1048576K
}
Event: 1.002 GC heap after
{Heap after GC invocations=1 (full 0):
 garbage-first heap   total 65536K, used 3752K [0x00000000fc000000, 0x0000000100000000)
  region size 1024K, 3 young (3072K), 3 survivors (3072K)
 Metaspace       used 1822K, committed 1920K, reserved 1114112K
  class space    used 159K, committed 192K, reserved 1048576K
}
Event: 1.925 GC heap before
{Heap before GC invocations=1 (full 0):
 garbage-first heap   total 65536K, used 35496K [0x00000000fc000000, 0x0000000100000000)
  region size 1024K, 31 young (31744K), 3 survivors (3072K)
 Metaspace       used 8163K, committed 8384K, reserved 1114112K
  class space    used 1118K, committed 1216K, reserved 1048576K
}
Event: 1.932 GC heap after
{Heap after GC invocations=2 (full 0):
 garbage-first heap   total 65536K, used 11524K [0x00000000fc000000, 0x0000000100000000)
  region size 1024K, 4 young (4096K), 4 survivors (4096K)
 Metaspace       used 8163K, committed 8384K, reserved 1114112K
  class space    used 1118K, committed 1216K, reserved 1048576K
}

Deoptimization events (20 events):
Event: 5.792 Thread 0x000001cd973c2820 Uncommon trap: trap_request=0xffffff45 fr.pc=0x000001cd4673d380 relative=0x0000000000000080
Event: 5.792 Thread 0x000001cd973c2820 Uncommon trap: reason=unstable_if action=reinterpret pc=0x000001cd4673d380 method=java.lang.String.codePointAt(I)I @ 4 c2
Event: 5.792 Thread 0x000001cd973c2820 DEOPT PACKING pc=0x000001cd4673d380 sp=0x000000c4a75fee70
Event: 5.792 Thread 0x000001cd973c2820 DEOPT UNPACKING pc=0x000001cd461e5ba3 sp=0x000000c4a75fee08 mode 2
Event: 5.961 Thread 0x000001cd3514ba90 DEOPT PACKING pc=0x000001cd3ed65b43 sp=0x000000c4a59f7ca0
Event: 5.961 Thread 0x000001cd3514ba90 DEOPT UNPACKING pc=0x000001cd461e66e3 sp=0x000000c4a59f71c0 mode 0
Event: 69.545 Thread 0x000001cd3514ba90 DEOPT PACKING pc=0x000001cd3efab24d sp=0x000000c4a59fce90
Event: 69.545 Thread 0x000001cd3514ba90 DEOPT UNPACKING pc=0x000001cd461e66e3 sp=0x000000c4a59fc328 mode 0
Event: 82.565 Thread 0x000001cd96c6d620 Uncommon trap: trap_request=0xffffff45 fr.pc=0x000001cd4680d104 relative=0x0000000000000084
Event: 82.565 Thread 0x000001cd96c6d620 Uncommon trap: reason=unstable_if action=reinterpret pc=0x000001cd4680d104 method=org.gradle.internal.operations.OperationIdentifier.equals(Ljava/lang/Object;)Z @ 2 c2
Event: 82.565 Thread 0x000001cd96c6d620 DEOPT PACKING pc=0x000001cd4680d104 sp=0x000000c4a71fef60
Event: 82.565 Thread 0x000001cd96c6d620 DEOPT UNPACKING pc=0x000001cd461e5ba3 sp=0x000000c4a71feef0 mode 2
Event: 110.077 Thread 0x000001cd96c6d620 DEOPT PACKING pc=0x000001cd3efe1403 sp=0x000000c4a71fe2c0
Event: 110.077 Thread 0x000001cd96c6d620 DEOPT UNPACKING pc=0x000001cd461e66e3 sp=0x000000c4a71fd758 mode 0
Event: 177.693 Thread 0x000001cd3514ba90 Uncommon trap: trap_request=0xffffff45 fr.pc=0x000001cd4680a680 relative=0x0000000000000560
Event: 177.694 Thread 0x000001cd3514ba90 Uncommon trap: reason=unstable_if action=reinterpret pc=0x000001cd4680a680 method=com.esotericsoftware.kryo.io.Input.readUtf8(I)V @ 79 c2
Event: 177.694 Thread 0x000001cd3514ba90 DEOPT PACKING pc=0x000001cd4680a680 sp=0x000000c4a59fd040
Event: 177.695 Thread 0x000001cd3514ba90 DEOPT UNPACKING pc=0x000001cd461e5ba3 sp=0x000000c4a59fcfd8 mode 2
Event: 181.341 Thread 0x000001cd3514ba90 DEOPT PACKING pc=0x000001cd3f059cb5 sp=0x000000c4a59fcfb0
Event: 181.341 Thread 0x000001cd3514ba90 DEOPT UNPACKING pc=0x000001cd461e66e3 sp=0x000000c4a59fc448 mode 0

Classes unloaded (0 events):
No events

Classes redefined (0 events):
No events

Internal exceptions (20 events):
Event: 1.328 Thread 0x000001cd3514ba90 Implicit null exception at 0x000001cd4675a60f to 0x000001cd4675a689
Event: 1.344 Thread 0x000001cd3514ba90 Exception <a 'java/lang/NoClassDefFoundError'{0x00000000ff4f49b8}: org/slf4j/impl/StaticMarkerBinder> (0x00000000ff4f49b8) 
thrown [s\open\src\hotspot\share\classfile\systemDictionary.cpp, line 245]
Event: 1.365 Thread 0x000001cd3514ba90 Exception <a 'java/lang/NoSuchMethodError'{0x00000000ff3a2728}: 'java.lang.Object java.lang.invoke.Invokers$Holder.invoker(java.lang.Object, java.lang.Object, java.lang.Object)'> (0x00000000ff3a2728) 
thrown [s\open\src\hotspot\share\interpreter\linkResolver.cpp, line 759]
Event: 1.366 Thread 0x000001cd3514ba90 Exception <a 'java/lang/NoSuchMethodError'{0x00000000ff3ab880}: 'java.lang.Object java.lang.invoke.DirectMethodHandle$Holder.invokeStatic(java.lang.Object, java.lang.Object, int)'> (0x00000000ff3ab880) 
thrown [s\open\src\hotspot\share\interpreter\linkResolver.cpp, line 759]
Event: 1.367 Thread 0x000001cd3514ba90 Exception <a 'java/lang/NoSuchMethodError'{0x00000000ff3b7570}: 'void java.lang.invoke.DelegatingMethodHandle$Holder.delegate(java.lang.Object, java.lang.Object, int, java.lang.Object)'> (0x00000000ff3b7570) 
thrown [s\open\src\hotspot\share\interpreter\linkResolver.cpp, line 759]
Event: 1.370 Thread 0x000001cd3514ba90 Exception <a 'java/lang/NoSuchMethodError'{0x00000000ff3cabb8}: 'java.lang.Object java.lang.invoke.Invokers$Holder.invokeExact_MT(java.lang.Object, java.lang.Object, java.lang.Object, java.lang.Object)'> (0x00000000ff3cabb8) 
thrown [s\open\src\hotspot\share\interpreter\linkResolver.cpp, line 759]
Event: 1.378 Thread 0x000001cd3514ba90 Exception <a 'java/lang/NoSuchMethodError'{0x00000000ff3f5208}: 'java.lang.Object java.lang.invoke.DirectMethodHandle$Holder.invokeVirtual(java.lang.Object, java.lang.Object, java.lang.Object)'> (0x00000000ff3f5208) 
thrown [s\open\src\hotspot\share\interpreter\linkResolver.cpp, line 759]
Event: 1.511 Thread 0x000001cd3514ba90 Exception <a 'java/lang/NoSuchMethodError'{0x00000000fee81ce0}: 'java.lang.Object java.lang.invoke.DirectMethodHandle$Holder.newInvokeSpecial(java.lang.Object, java.lang.Object, java.lang.Object, java.lang.Object, java.lang.Object)'> (0x00000000fee81ce0) 
thrown [s\open\src\hotspot\share\interpreter\linkResolver.cpp, line 759]
Event: 1.541 Thread 0x000001cd3514ba90 Exception <a 'java/lang/NoSuchMethodError'{0x00000000feda5078}: 'void java.lang.invoke.DirectMethodHandle$Holder.invokeSpecial(java.lang.Object, java.lang.Object, java.lang.Object)'> (0x00000000feda5078) 
thrown [s\open\src\hotspot\share\interpreter\linkResolver.cpp, line 759]
Event: 1.645 Thread 0x000001cd3514ba90 Exception <a 'java/lang/NoSuchMethodError'{0x00000000fe5bce18}: 'java.lang.Object java.lang.invoke.DirectMethodHandle$Holder.invokeSpecialIFC(java.lang.Object, java.lang.Object, java.lang.Object, java.lang.Object)'> (0x00000000fe5bce18) 
thrown [s\open\src\hotspot\share\interpreter\linkResolver.cpp, line 759]
Event: 1.702 Thread 0x000001cd3514ba90 Exception <a 'java/lang/NoSuchMethodError'{0x00000000fe2547a8}: 'java.lang.Object java.lang.invoke.DirectMethodHandle$Holder.invokeStaticInit(java.lang.Object, int, int, int, int)'> (0x00000000fe2547a8) 
thrown [s\open\src\hotspot\share\interpreter\linkResolver.cpp, line 759]
Event: 1.732 Thread 0x000001cd3514ba90 Exception <a 'java/lang/NoSuchMethodError'{0x00000000fe2786b8}: 'java.lang.Object java.lang.invoke.DirectMethodHandle$Holder.invokeStaticInit(java.lang.Object, java.lang.Object, int, int, int, int)'> (0x00000000fe2786b8) 
thrown [s\open\src\hotspot\share\interpreter\linkResolver.cpp, line 759]
Event: 1.871 Thread 0x000001cd3514ba90 Exception <a 'java/lang/NoSuchMethodError'{0x00000000fe2a4950}: 'void java.lang.invoke.DirectMethodHandle$Holder.invokeStatic(java.lang.Object, java.lang.Object, java.lang.Object)'> (0x00000000fe2a4950) 
thrown [s\open\src\hotspot\share\interpreter\linkResolver.cpp, line 759]
Event: 1.893 Thread 0x000001cd3514ba90 Implicit null exception at 0x000001cd46771df2 to 0x000001cd46772430
Event: 1.904 Thread 0x000001cd3514ba90 Exception <a 'java/net/ConnectException'{0x00000000fe1a2210}: Connection refused: no further information> (0x00000000fe1a2210) 
thrown [s\open\src\hotspot\share\prims\jni.cpp, line 535]
Event: 2.160 Thread 0x000001cd973c2820 Exception <a 'java/lang/NoSuchMethodError'{0x00000000ff890560}: 'void java.lang.invoke.DirectMethodHandle$Holder.invokeStatic(java.lang.Object, long)'> (0x00000000ff890560) 
thrown [s\open\src\hotspot\share\interpreter\linkResolver.cpp, line 759]
Event: 2.161 Thread 0x000001cd973c2820 Exception <a 'java/lang/NoSuchMethodError'{0x00000000ff895eb8}: 'java.lang.Object java.lang.invoke.DirectMethodHandle$Holder.newInvokeSpecial(java.lang.Object, long)'> (0x00000000ff895eb8) 
thrown [s\open\src\hotspot\share\interpreter\linkResolver.cpp, line 759]
Event: 2.163 Thread 0x000001cd973c2820 Exception <a 'java/lang/NoSuchMethodError'{0x00000000ff8a0ae0}: 'java.lang.Object java.lang.invoke.DirectMethodHandle$Holder.invokeStaticInit(java.lang.Object, java.lang.Object, long, java.lang.Object)'> (0x00000000ff8a0ae0) 
thrown [s\open\src\hotspot\share\interpreter\linkResolver.cpp, line 759]
Event: 2.164 Thread 0x000001cd973c2820 Exception <a 'java/lang/NoSuchMethodError'{0x00000000ff8a7168}: 'java.lang.Object java.lang.invoke.DirectMethodHandle$Holder.newInvokeSpecial(java.lang.Object, java.lang.Object, long)'> (0x00000000ff8a7168) 
thrown [s\open\src\hotspot\share\interpreter\linkResolver.cpp, line 759]
Event: 2.164 Thread 0x000001cd973c2820 Exception <a 'java/lang/NoSuchMethodError'{0x00000000ff8ab458}: 'java.lang.Object java.lang.invoke.Invokers$Holder.linkToTargetMethod(java.lang.Object, long, java.lang.Object)'> (0x00000000ff8ab458) 
thrown [s\open\src\hotspot\share\interpreter\linkResolver.cpp, line 759]

VM Operations (20 events):
Event: 129.293 Executing VM operation: Cleanup
Event: 129.293 Executing VM operation: Cleanup done
Event: 156.557 Executing VM operation: Cleanup
Event: 156.558 Executing VM operation: Cleanup done
Event: 174.735 Executing VM operation: Cleanup
Event: 174.735 Executing VM operation: Cleanup done
Event: 175.747 Executing VM operation: Cleanup
Event: 175.747 Executing VM operation: Cleanup done
Event: 177.772 Executing VM operation: Cleanup
Event: 177.772 Executing VM operation: Cleanup done
Event: 178.774 Executing VM operation: Cleanup
Event: 178.774 Executing VM operation: Cleanup done
Event: 180.304 Executing VM operation: HandshakeAllThreads
Event: 180.304 Executing VM operation: HandshakeAllThreads done
Event: 187.384 Executing VM operation: Cleanup
Event: 187.384 Executing VM operation: Cleanup done
Event: 196.487 Executing VM operation: Cleanup
Event: 196.488 Executing VM operation: Cleanup done
Event: 197.491 Executing VM operation: Cleanup
Event: 197.491 Executing VM operation: Cleanup done

Events (20 events):
Event: 108.124 loading class jdk/internal/logger/LazyLoggers$LazyLoggerFactories
Event: 108.124 loading class jdk/internal/logger/LazyLoggers$LazyLoggerFactories done
Event: 108.131 loading class jdk/internal/logger/LoggerFinderLoader
Event: 108.131 loading class jdk/internal/logger/LoggerFinderLoader done
Event: 108.140 loading class jdk/internal/logger/LoggerFinderLoader$TemporaryLoggerFinder
Event: 108.140 loading class jdk/internal/logger/LoggerFinderLoader$TemporaryLoggerFinder done
Event: 108.144 loading class sun/util/logging/internal/LoggingProviderImpl$JULWrapper
Event: 108.144 loading class sun/util/logging/PlatformLogger$ConfigurableBridge$LoggerConfiguration
Event: 108.145 loading class sun/util/logging/PlatformLogger$ConfigurableBridge$LoggerConfiguration done
Event: 108.145 loading class sun/util/logging/internal/LoggingProviderImpl$JULWrapper done
Event: 108.145 loading class java/io/ObjectInputFilter
Event: 108.147 loading class java/io/ObjectInputFilter done
Event: 108.149 loading class java/io/ObjectInputFilter$Config$BuiltinFilterFactory
Event: 108.150 loading class java/io/ObjectInputFilter$Config$BuiltinFilterFactory done
Event: 108.150 loading class jdk/internal/access/JavaObjectInputFilterAccess
Event: 108.150 loading class jdk/internal/access/JavaObjectInputFilterAccess done
Event: 108.151 loading class java/lang/System$Logger$Level
Event: 108.185 loading class java/lang/System$Logger$Level done
Event: 108.186 loading class java/io/Bits
Event: 108.186 loading class java/io/Bits done


Dynamic libraries:
0x00007ff6b0240000 - 0x00007ff6b0250000 	C:\Program Files\Java\jdk-17\bin\java.exe
0x00007ff9de420000 - 0x00007ff9de683000 	C:\WINDOWS\SYSTEM32\ntdll.dll
0x00007ff9dd580000 - 0x00007ff9dd647000 	C:\WINDOWS\System32\KERNEL32.DLL
0x00007ff9dbdb0000 - 0x00007ff9dc179000 	C:\WINDOWS\System32\KERNELBASE.dll
0x00007ff9db620000 - 0x00007ff9db76c000 	C:\WINDOWS\System32\ucrtbase.dll
0x00007ff9b6510000 - 0x00007ff9b6529000 	C:\Program Files\Java\jdk-17\bin\jli.dll
0x00007ff9b64f0000 - 0x00007ff9b650b000 	C:\Program Files\Java\jdk-17\bin\VCRUNTIME140.dll
0x00007ff9dc6d0000 - 0x00007ff9dc782000 	C:\WINDOWS\System32\ADVAPI32.dll
0x00007ff9de130000 - 0x00007ff9de1d9000 	C:\WINDOWS\System32\msvcrt.dll
0x00007ff9dd690000 - 0x00007ff9dd736000 	C:\WINDOWS\System32\sechost.dll
0x00007ff9dcc50000 - 0x00007ff9dcd66000 	C:\WINDOWS\System32\RPCRT4.dll
0x00007ff9ddf60000 - 0x00007ff9de12a000 	C:\WINDOWS\System32\USER32.dll
0x00007ff9b37c0000 - 0x00007ff9b3a50000 	C:\WINDOWS\WinSxS\amd64_microsoft.windows.common-controls_6595b64144ccf1df_6.0.26100.3323_none_3e088096e3344490\COMCTL32.dll
0x00007ff9db810000 - 0x00007ff9db837000 	C:\WINDOWS\System32\win32u.dll
0x00007ff9dc790000 - 0x00007ff9dc7ba000 	C:\WINDOWS\System32\GDI32.dll
0x00007ff9dbaf0000 - 0x00007ff9dbc21000 	C:\WINDOWS\System32\gdi32full.dll
0x00007ff9dba40000 - 0x00007ff9dbae3000 	C:\WINDOWS\System32\msvcp_win.dll
0x00007ff9be640000 - 0x00007ff9be64b000 	C:\WINDOWS\SYSTEM32\VERSION.dll
0x00007ff9dd650000 - 0x00007ff9dd67f000 	C:\WINDOWS\System32\IMM32.DLL
0x00007ff9b8870000 - 0x00007ff9b887c000 	C:\Program Files\Java\jdk-17\bin\vcruntime140_1.dll
0x00007ff9b6460000 - 0x00007ff9b64ee000 	C:\Program Files\Java\jdk-17\bin\msvcp140.dll
0x00007ff9745d0000 - 0x00007ff9751b0000 	C:\Program Files\Java\jdk-17\bin\server\jvm.dll
0x00007ff9dd7d0000 - 0x00007ff9dd7d8000 	C:\WINDOWS\System32\PSAPI.DLL
0x00007ff9cf8d0000 - 0x00007ff9cf906000 	C:\WINDOWS\SYSTEM32\WINMM.dll
0x00007ff9b7e20000 - 0x00007ff9b7e2a000 	C:\WINDOWS\SYSTEM32\WSOCK32.dll
0x00007ff9de360000 - 0x00007ff9de3d4000 	C:\WINDOWS\System32\WS2_32.dll
0x00007ff9da400000 - 0x00007ff9da41a000 	C:\WINDOWS\SYSTEM32\kernel.appcore.dll
0x00007ff9b7ca0000 - 0x00007ff9b7caa000 	C:\Program Files\Java\jdk-17\bin\jimage.dll
0x00007ff9d85e0000 - 0x00007ff9d8821000 	C:\WINDOWS\SYSTEM32\DBGHELP.DLL
0x00007ff9dc8c0000 - 0x00007ff9dcc42000 	C:\WINDOWS\System32\combase.dll
0x00007ff9dcf30000 - 0x00007ff9dd006000 	C:\WINDOWS\System32\OLEAUT32.dll
0x00007ff9bde50000 - 0x00007ff9bde89000 	C:\WINDOWS\SYSTEM32\dbgcore.DLL
0x00007ff9db770000 - 0x00007ff9db809000 	C:\WINDOWS\System32\bcryptPrimitives.dll
0x00007ff9b6430000 - 0x00007ff9b6455000 	C:\Program Files\Java\jdk-17\bin\java.dll
0x00007ff9b6350000 - 0x00007ff9b6427000 	C:\Program Files\Java\jdk-17\bin\jsvml.dll
0x00007ff9dd840000 - 0x00007ff9ddf55000 	C:\WINDOWS\System32\SHELL32.dll
0x00007ff9db8d0000 - 0x00007ff9dba38000 	C:\WINDOWS\System32\wintypes.dll
0x00007ff9d92c0000 - 0x00007ff9d9b05000 	C:\WINDOWS\SYSTEM32\windows.storage.dll
0x00007ff9dc7d0000 - 0x00007ff9dc8bb000 	C:\WINDOWS\System32\SHCORE.dll
0x00007ff9dd7e0000 - 0x00007ff9dd83d000 	C:\WINDOWS\System32\shlwapi.dll
0x00007ff9db530000 - 0x00007ff9db55f000 	C:\WINDOWS\SYSTEM32\profapi.dll
0x00007ff9b6330000 - 0x00007ff9b6349000 	C:\Program Files\Java\jdk-17\bin\net.dll
0x00007ff9c9f70000 - 0x00007ff9ca08e000 	C:\WINDOWS\SYSTEM32\WINHTTP.dll
0x00007ff9da900000 - 0x00007ff9da96a000 	C:\WINDOWS\system32\mswsock.dll
0x00007ff9b6310000 - 0x00007ff9b6326000 	C:\Program Files\Java\jdk-17\bin\nio.dll
0x00007ff9b62f0000 - 0x00007ff9b6308000 	C:\Program Files\Java\jdk-17\bin\zip.dll
0x00007ff9b7d10000 - 0x00007ff9b7d20000 	C:\Program Files\Java\jdk-17\bin\verify.dll
0x00007ff9b76d0000 - 0x00007ff9b76da000 	C:\Program Files\Java\jdk-17\bin\management.dll
0x00007ff9b7220000 - 0x00007ff9b722b000 	C:\Program Files\Java\jdk-17\bin\management_ext.dll
0x00007ff9bf5a0000 - 0x00007ff9bf5c7000 	C:\Users\LENOVO\.gradle\native\1def1411415f61bf3af743bc5b6707747c0891f09f0c88961ee8f79bc544acac\windows-amd64\native-platform.dll
0x00007ff9c3090000 - 0x00007ff9c309a000 	C:\Users\LENOVO\.gradle\native\jansi\1.18\windows64\jansi.dll
0x00007ff9dad20000 - 0x00007ff9dad3c000 	C:\WINDOWS\SYSTEM32\CRYPTSP.dll
0x00007ff9da360000 - 0x00007ff9da39a000 	C:\WINDOWS\system32\rsaenh.dll
0x00007ff9da9a0000 - 0x00007ff9da9cb000 	C:\WINDOWS\SYSTEM32\USERENV.dll
0x00007ff9daf50000 - 0x00007ff9daf76000 	C:\WINDOWS\SYSTEM32\bcrypt.dll
0x00007ff9dab30000 - 0x00007ff9dab3c000 	C:\WINDOWS\SYSTEM32\CRYPTBASE.dll
0x00007ff9d9e20000 - 0x00007ff9d9e53000 	C:\WINDOWS\SYSTEM32\IPHLPAPI.DLL
0x00007ff9dd010000 - 0x00007ff9dd01a000 	C:\WINDOWS\System32\NSI.dll
0x00007ff9c9f40000 - 0x00007ff9c9f5f000 	C:\WINDOWS\SYSTEM32\dhcpcsvc6.DLL
0x00007ff9c9f10000 - 0x00007ff9c9f35000 	C:\WINDOWS\SYSTEM32\dhcpcsvc.DLL
0x00007ff9d9eb0000 - 0x00007ff9d9fd5000 	C:\WINDOWS\SYSTEM32\DNSAPI.dll
0x00007ff9b62e0000 - 0x00007ff9b62ee000 	C:\Program Files\Java\jdk-17\bin\sunmscapi.dll
0x00007ff9dbc30000 - 0x00007ff9dbda7000 	C:\WINDOWS\System32\CRYPT32.dll
0x00007ff9daf10000 - 0x00007ff9daf40000 	C:\WINDOWS\SYSTEM32\ncrypt.dll
0x00007ff9daec0000 - 0x00007ff9daeff000 	C:\WINDOWS\SYSTEM32\NTASN1.dll
0x00007ff9928c0000 - 0x00007ff9928c8000 	C:\WINDOWS\system32\wshunix.dll

dbghelp: loaded successfully - version: 4.0.5 - missing functions: none
symbol engine: initialized successfully - sym options: 0x614 - pdb path: .;C:\Program Files\Java\jdk-17\bin;C:\WINDOWS\SYSTEM32;C:\WINDOWS\WinSxS\amd64_microsoft.windows.common-controls_6595b64144ccf1df_6.0.26100.3323_none_3e088096e3344490;C:\Program Files\Java\jdk-17\bin\server;C:\Users\LENOVO\.gradle\native\1def1411415f61bf3af743bc5b6707747c0891f09f0c88961ee8f79bc544acac\windows-amd64;C:\Users\LENOVO\.gradle\native\jansi\1.18\windows64

VM Arguments:
jvm_args: -Xmx64m -Xms64m -Dorg.gradle.appname=gradlew 
java_command: org.gradle.wrapper.GradleWrapperMain app:installDebug -PreactNativeDevServerPort=8081
java_class_path (initial): D:\ReactNativeLearning\Portfolio\android\\gradle\wrapper\gradle-wrapper.jar
Launcher Type: SUN_STANDARD

[Global flags]
     intx CICompilerCount                          = 4                                         {product} {ergonomic}
     uint ConcGCThreads                            = 2                                         {product} {ergonomic}
     uint G1ConcRefinementThreads                  = 8                                         {product} {ergonomic}
   size_t G1HeapRegionSize                         = 1048576                                   {product} {ergonomic}
    uintx GCDrainStackTargetSize                   = 64                                        {product} {ergonomic}
   size_t InitialHeapSize                          = 67108864                                  {product} {command line}
   size_t MarkStackSize                            = 4194304                                   {product} {ergonomic}
   size_t MaxHeapSize                              = 67108864                                  {product} {command line}
   size_t MaxNewSize                               = 39845888                                  {product} {ergonomic}
   size_t MinHeapDeltaBytes                        = 1048576                                   {product} {ergonomic}
   size_t MinHeapSize                              = 67108864                                  {product} {command line}
    uintx NonNMethodCodeHeapSize                   = 5839372                                {pd product} {ergonomic}
    uintx NonProfiledCodeHeapSize                  = 122909434                              {pd product} {ergonomic}
    uintx ProfiledCodeHeapSize                     = 122909434                              {pd product} {ergonomic}
    uintx ReservedCodeCacheSize                    = 251658240                              {pd product} {ergonomic}
     bool SegmentedCodeCache                       = true                                      {product} {ergonomic}
   size_t SoftMaxHeapSize                          = 67108864                               {manageable} {ergonomic}
     bool UseCompressedClassPointers               = true                           {product lp64_product} {ergonomic}
     bool UseCompressedOops                        = true                           {product lp64_product} {ergonomic}
     bool UseG1GC                                  = true                                      {product} {ergonomic}
     bool UseLargePagesIndividualAllocation        = false                                  {pd product} {ergonomic}

Logging:
Log output configuration:
 #0: stdout all=warning uptime,level,tags
 #1: stderr all=off uptime,level,tags

Environment Variables:
JAVA_HOME=C:\Program Files\Java\jdk-17
CLASSPATH=D:\ReactNativeLearning\Portfolio\android\\gradle\wrapper\gradle-wrapper.jar
PATH=D:\ReactNativeLearning\Portfolio\node_modules\.bin;D:\ReactNativeLearning\Portfolio\node_modules\.bin;D:\ReactNativeLearning\node_modules\.bin;D:\node_modules\.bin;C:\Users\LENOVO\AppData\Roaming\npm\node_modules\npm\node_modules\@npmcli\run-script\lib\node-gyp-bin;C:\Program Files\Common Files\Oracle\Java\javapath;c:\Users\LENOVO\AppData\Local\Programs\cursor\resources\app\bin;C:\Program Files\Python38\Scripts\;C:\Program Files\Python38\;C:\Windows\system32;C:\Windows;C:\Windows\System32\Wbem;C:\Windows\System32\WindowsPowerShell\v1.0\;C:\Windows\System32\OpenSSH\;C:\Program Files (x86)\NVIDIA Corporation\PhysX\Common;C:\WINDOWS\system32;C:\WINDOWS;C:\WINDOWS\System32\Wbem;C:\WINDOWS\System32\WindowsPowerShell\v1.0\;C:\WINDOWS\System32\OpenSSH\;C:\MinGW\bin;C:\Program Files\Python38;C:\Program Files\Git\cmd;C:\Users\LENOVO\anaconda3;C:\Users\LENOVO\anaconda3\Library\mingw-w64\bin;C:\Users\LENOVO\anaconda3\Library\usr\bin;C:\Users\LENOVO\anaconda3\Library\bin;C:\Users\LENOVO\anaconda3\Scripts;C:\Users\LENOVO\AppData\Local\Programs\Python\Launcher\;C:\Users\LENOVO\AppData\Local\Microsoft\WindowsApps;C:\MinGW\msys\1.0\bin;C:\WINDOWS\system32;C:\WINDOWS;C:\WINDOWS\System32\Wbem;C:\WINDOWS\System32\WindowsPowerShell\v1.0\;C:\WINDOWS\System32\OpenSSH\;C:\Program Files\nodejs;C:\Users\LENOVO\AppData\Local\Android\Sdk\platform-tools;C:\Program Files\Java\jdk-17\bin;C:\Program Files\dotnet\;C:\Users\LENOVO\AppData\Local\Microsoft\WindowsApps;C:\MinGW\bin;C:\MinGW\msys\1.0\bin;C:\Users\LENOVO\AppData\Local\JetBrains\Toolbox\scripts;C:\Program Files;C:\xampp\php;C:\Program Files\JetBrains\IntelliJ IDEA Community Edition 2024.2.1\bin;;C:\Users\LENOVO\AppData\Local\Programs\Microsoft VS Code\bin;C:\Users\LENOVO\AppData\Local\Microsoft\WindowsApps;C:\Users\LENOVO\AppData\Roaming\npm;C:\Users\LENOVO\.dotnet\tools;C:\Users\LENOVO\AppData\Local\Android\Sdk\platform-tools;
USERNAME=Chhotu
OS=Windows_NT
PROCESSOR_IDENTIFIER=Intel64 Family 6 Model 140 Stepping 1, GenuineIntel



---------------  S Y S T E M  ---------------

OS:
 Windows 11 , 64 bit Build 26100 (10.0.26100.3323)
OS uptime: 0 days 2:49 hours
Hyper-V role detected

CPU: total 8 (initial active 8) (4 cores per cpu, 2 threads per core) family 6 model 140 stepping 1 microcode 0xaa, cx8, cmov, fxsr, ht, mmx, 3dnowpref, sse, sse2, sse3, ssse3, sse4.1, sse4.2, popcnt, lzcnt, tsc, tscinvbit, avx, avx2, aes, erms, clmul, bmi1, bmi2, adx, avx512f, avx512dq, avx512cd, avx512bw, avx512vl, sha, fma, vzeroupper, avx512_vpopcntdq, avx512_vpclmulqdq, avx512_vaes, avx512_vnni, clflush, clflushopt, clwb, avx512_vbmi2, avx512_vbmi, hv

Memory: 4k page, system-wide physical 7975M (658M free)
TotalPageFile size 17151M (AvailPageFile size 100M)
current process WorkingSet (physical memory assigned to process): 19M, peak: 114M
current process commit charge ("private bytes"): 170M, peak: 187M

vm_info: Java HotSpot(TM) 64-Bit Server VM (17.0.12+8-LTS-286) for windows-amd64 JRE (17.0.12+8-LTS-286), built on Jun  5 2024 06:46:59 by "mach5one" with MS VC++ 17.6 (VS2022)

END.
